Archive member included to satisfy reference by file (symbol)

/Applications/STM32CubeIDE.app/Contents/Eclipse/plugins/com.st.stm32cube.ide.mcu.externaltools.gnu-tools-for-stm32.11.3.rel1.macos64_1.1.0.202305231506/tools/bin/../lib/gcc/arm-none-eabi/11.3.1/../../../../arm-none-eabi/lib/thumb/v7e-m+fp/hard/libc_nano.a(libc_a-exit.o)
                              /Applications/STM32CubeIDE.app/Contents/Eclipse/plugins/com.st.stm32cube.ide.mcu.externaltools.gnu-tools-for-stm32.11.3.rel1.macos64_1.1.0.202305231506/tools/bin/../lib/gcc/arm-none-eabi/11.3.1/../../../../arm-none-eabi/lib/thumb/v7e-m+fp/hard/crt0.o (exit)
/Applications/STM32CubeIDE.app/Contents/Eclipse/plugins/com.st.stm32cube.ide.mcu.externaltools.gnu-tools-for-stm32.11.3.rel1.macos64_1.1.0.202305231506/tools/bin/../lib/gcc/arm-none-eabi/11.3.1/../../../../arm-none-eabi/lib/thumb/v7e-m+fp/hard/libc_nano.a(libc_a-findfp.o)
                              /Applications/STM32CubeIDE.app/Contents/Eclipse/plugins/com.st.stm32cube.ide.mcu.externaltools.gnu-tools-for-stm32.11.3.rel1.macos64_1.1.0.202305231506/tools/bin/../lib/gcc/arm-none-eabi/11.3.1/../../../../arm-none-eabi/lib/thumb/v7e-m+fp/hard/libc_nano.a(libc_a-exit.o) (__stdio_exit_handler)
/Applications/STM32CubeIDE.app/Contents/Eclipse/plugins/com.st.stm32cube.ide.mcu.externaltools.gnu-tools-for-stm32.11.3.rel1.macos64_1.1.0.202305231506/tools/bin/../lib/gcc/arm-none-eabi/11.3.1/../../../../arm-none-eabi/lib/thumb/v7e-m+fp/hard/libc_nano.a(libc_a-fwalk.o)
                              /Applications/STM32CubeIDE.app/Contents/Eclipse/plugins/com.st.stm32cube.ide.mcu.externaltools.gnu-tools-for-stm32.11.3.rel1.macos64_1.1.0.202305231506/tools/bin/../lib/gcc/arm-none-eabi/11.3.1/../../../../arm-none-eabi/lib/thumb/v7e-m+fp/hard/libc_nano.a(libc_a-findfp.o) (_fwalk_sglue)
/Applications/STM32CubeIDE.app/Contents/Eclipse/plugins/com.st.stm32cube.ide.mcu.externaltools.gnu-tools-for-stm32.11.3.rel1.macos64_1.1.0.202305231506/tools/bin/../lib/gcc/arm-none-eabi/11.3.1/../../../../arm-none-eabi/lib/thumb/v7e-m+fp/hard/libc_nano.a(libc_a-memset.o)
                              /Applications/STM32CubeIDE.app/Contents/Eclipse/plugins/com.st.stm32cube.ide.mcu.externaltools.gnu-tools-for-stm32.11.3.rel1.macos64_1.1.0.202305231506/tools/bin/../lib/gcc/arm-none-eabi/11.3.1/../../../../arm-none-eabi/lib/thumb/v7e-m+fp/hard/crt0.o (memset)
/Applications/STM32CubeIDE.app/Contents/Eclipse/plugins/com.st.stm32cube.ide.mcu.externaltools.gnu-tools-for-stm32.11.3.rel1.macos64_1.1.0.202305231506/tools/bin/../lib/gcc/arm-none-eabi/11.3.1/../../../../arm-none-eabi/lib/thumb/v7e-m+fp/hard/libc_nano.a(libc_a-impure.o)
                              /Applications/STM32CubeIDE.app/Contents/Eclipse/plugins/com.st.stm32cube.ide.mcu.externaltools.gnu-tools-for-stm32.11.3.rel1.macos64_1.1.0.202305231506/tools/bin/../lib/gcc/arm-none-eabi/11.3.1/../../../../arm-none-eabi/lib/thumb/v7e-m+fp/hard/libc_nano.a(libc_a-findfp.o) (_impure_data)
/Applications/STM32CubeIDE.app/Contents/Eclipse/plugins/com.st.stm32cube.ide.mcu.externaltools.gnu-tools-for-stm32.11.3.rel1.macos64_1.1.0.202305231506/tools/bin/../lib/gcc/arm-none-eabi/11.3.1/../../../../arm-none-eabi/lib/thumb/v7e-m+fp/hard/libc_nano.a(libc_a-errno.o)
                              ./Core/Src/syscalls.o (__errno)
/Applications/STM32CubeIDE.app/Contents/Eclipse/plugins/com.st.stm32cube.ide.mcu.externaltools.gnu-tools-for-stm32.11.3.rel1.macos64_1.1.0.202305231506/tools/bin/../lib/gcc/arm-none-eabi/11.3.1/../../../../arm-none-eabi/lib/thumb/v7e-m+fp/hard/libc_nano.a(libc_a-init.o)
                              /Applications/STM32CubeIDE.app/Contents/Eclipse/plugins/com.st.stm32cube.ide.mcu.externaltools.gnu-tools-for-stm32.11.3.rel1.macos64_1.1.0.202305231506/tools/bin/../lib/gcc/arm-none-eabi/11.3.1/../../../../arm-none-eabi/lib/thumb/v7e-m+fp/hard/crt0.o (__libc_init_array)
/Applications/STM32CubeIDE.app/Contents/Eclipse/plugins/com.st.stm32cube.ide.mcu.externaltools.gnu-tools-for-stm32.11.3.rel1.macos64_1.1.0.202305231506/tools/bin/../lib/gcc/arm-none-eabi/11.3.1/../../../../arm-none-eabi/lib/thumb/v7e-m+fp/hard/libc_nano.a(libc_a-lock.o)
                              /Applications/STM32CubeIDE.app/Contents/Eclipse/plugins/com.st.stm32cube.ide.mcu.externaltools.gnu-tools-for-stm32.11.3.rel1.macos64_1.1.0.202305231506/tools/bin/../lib/gcc/arm-none-eabi/11.3.1/../../../../arm-none-eabi/lib/thumb/v7e-m+fp/hard/libc_nano.a(libc_a-findfp.o) (__retarget_lock_init_recursive)
/Applications/STM32CubeIDE.app/Contents/Eclipse/plugins/com.st.stm32cube.ide.mcu.externaltools.gnu-tools-for-stm32.11.3.rel1.macos64_1.1.0.202305231506/tools/bin/../lib/gcc/arm-none-eabi/11.3.1/../../../../arm-none-eabi/lib/thumb/v7e-m+fp/hard/libc_nano.a(libc_a-mallocr.o)
[...]
Memory Configuration

Name             Origin             Length             Attributes
RAM              0x0000000020000000 0x0000000000010000 xrw
FLASH            0x0000000008000000 0x0000000000040000 xr
*default*        0x0000000000000000 0xffffffffffffffff

Linker script and memory map

LOAD /Applications/STM32CubeIDE.app/Contents/Eclipse/plugins/com.st.stm32cube.ide.mcu.externaltools.gnu-tools-for-stm32.11.3.rel1.macos64_1.1.0.202305231506/tools/bin/../lib/gcc/arm-none-eabi/11.3.1/thumb/v7e-m+fp/hard/crti.o
LOAD /Applications/STM32CubeIDE.app/Contents/Eclipse/plugins/com.st.stm32cube.ide.mcu.externaltools.gnu-tools-for-stm32.11.3.rel1.macos64_1.1.0.202305231506/tools/bin/../lib/gcc/arm-none-eabi/11.3.1/thumb/v7e-m+fp/hard/crtbegin.o
LOAD /Applications/STM32CubeIDE.app/Contents/Eclipse/plugins/com.st.stm32cube.ide.mcu.externaltools.gnu-tools-for-stm32.11.3.rel1.macos64_1.1.0.202305231506/tools/bin/../lib/gcc/arm-none-eabi/11.3.1/../../../../arm-none-eabi/lib/thumb/v7e-m+fp/hard/crt0.o
LOAD ./Core/Src/main.o
LOAD ./Core/Src/stm32f4xx_hal_msp.o
LOAD ./Core/Src/stm32f4xx_it.o
LOAD ./Core/Src/syscalls.o
LOAD ./Core/Src/sysmem.o
LOAD ./Core/Src/system_stm32f4xx.o
LOAD ./Core/Startup/startup_stm32f401rctx.o
LOAD ./Drivers/STM32F4xx_HAL_Driver/Src/stm32f4xx_hal.o
LOAD ./Drivers/STM32F4xx_HAL_Driver/Src/stm32f4xx_hal_cortex.o
LOAD ./Drivers/STM32F4xx_HAL_Driver/Src/stm32f4xx_hal_dma.o
LOAD ./Drivers/STM32F4xx_HAL_Driver/Src/stm32f4xx_hal_dma_ex.o
LOAD ./Drivers/STM32F4xx_HAL_Driver/Src/stm32f4xx_hal_exti.o
LOAD ./Drivers/STM32F4xx_HAL_Driver/Src/stm32f4xx_hal_flash.o
LOAD ./Drivers/STM32F4xx_HAL_Driver/Src/stm32f4xx_hal_flash_ex.o
LOAD ./Drivers/STM32F4xx_HAL_Driver/Src/stm32f4xx_hal_flash_ramfunc.o
LOAD ./Drivers/STM32F4xx_HAL_Driver/Src/stm32f4xx_hal_gpio.o
LOAD ./Drivers/STM32F4xx_HAL_Driver/Src/stm32f4xx_hal_pcd.o
LOAD ./Drivers/STM32F4xx_HAL_Driver/Src/stm32f4xx_hal_pcd_ex.o
LOAD ./Drivers/STM32F4xx_HAL_Driver/Src/stm32f4xx_hal_pwr.o
LOAD ./Drivers/STM32F4xx_HAL_Driver/Src/stm32f4xx_hal_pwr_ex.o
LOAD ./Drivers/STM32F4xx_HAL_Driver/Src/stm32f4xx_hal_rcc.o
LOAD ./Drivers/STM32F4xx_HAL_Driver/Src/stm32f4xx_hal_rcc_ex.o
LOAD ./Drivers/STM32F4xx_HAL_Driver/Src/stm32f4xx_hal_spi.o
LOAD ./Drivers/STM32F4xx_HAL_Driver/Src/stm32f4xx_ll_usb.o
LOAD ./Middlewares/ST/STM32_USB_Device_Library/Class/CDC/Src/usbd_cdc.o
LOAD ./Middlewares/ST/STM32_USB_Device_Library/Core/Src/usbd_core.o
LOAD ./Middlewares/ST/STM32_USB_Device_Library/Core/Src/usbd_ctlreq.o
LOAD ./Middlewares/ST/STM32_USB_Device_Library/Core/Src/usbd_ioreq.o
LOAD ./USB_DEVICE/App/usb_device.o
LOAD ./USB_DEVICE/App/usbd_cdc_if.o
LOAD ./USB_DEVICE/App/usbd_desc.o
LOAD ./USB_DEVICE/Target/usbd_conf.o
START GROUP
LOAD /Applications/STM32CubeIDE.app/Contents/Eclipse/plugins/com.st.stm32cube.ide.mcu.externaltools.gnu-tools-for-stm32.11.3.rel1.macos64_1.1.0.202305231506/tools/bin/../lib/gcc/arm-none-eabi/11.3.1/../../../../arm-none-eabi/lib/thumb/v7e-m+fp/hard/libc_nano.a
LOAD /Applications/STM32CubeIDE.app/Contents/Eclipse/plugins/com.st.stm32cube.ide.mcu.externaltools.gnu-tools-for-stm32.11.3.rel1.macos64_1.1.0.202305231506/tools/bin/../lib/gcc/arm-none-eabi/11.3.1/../../../../arm-none-eabi/lib/thumb/v7e-m+fp/hard/libm.a
END GROUP
START GROUP
LOAD /Applications/STM32CubeIDE.app/Contents/Eclipse/plugins/com.st.stm32cube.ide.mcu.externaltools.gnu-tools-for-stm32.11.3.rel1.macos64_1.1.0.202305231506/tools/bin/../lib/gcc/arm-none-eabi/11.3.1/thumb/v7e-m+fp/hard/libgcc.a
LOAD /Applications/STM32CubeIDE.app/Contents/Eclipse/plugins/com.st.stm32cube.ide.mcu.externaltools.gnu-tools-for-stm32.11.3.rel1.macos64_1.1.0.202305231506/tools/bin/../lib/gcc/arm-none-eabi/11.3.1/../../../../arm-none-eabi/lib/thumb/v7e-m+fp/hard/libc_nano.a
END GROUP
START GROUP
LOAD /Applications/STM32CubeIDE.app/Contents/Eclipse/plugins/com.st.stm32cube.ide.mcu.externaltools.gnu-tools-for-stm32.11.3.rel1.macos64_1.1.0.202305231506/tools/bin/../lib/gcc/arm-none-eabi/11.3.1/thumb/v7e-m+fp/hard/libgcc.a
LOAD /Applications/STM32CubeIDE.app/Contents/Eclipse/plugins/com.st.stm32cube.ide.mcu.externaltools.gnu-tools-for-stm32.11.3.rel1.macos64_1.1.0.202305231506/tools/bin/../lib/gcc/arm-none-eabi/11.3.1/../../../../arm-none-eabi/lib/thumb/v7e-m+fp/hard/libc_nano.a
LOAD /Applications/STM32CubeIDE.app/Contents/Eclipse/plugins/com.st.stm32cube.ide.mcu.externaltools.gnu-tools-for-stm32.11.3.rel1.macos64_1.1.0.202305231506/tools/bin/../lib/gcc/arm-none-eabi/11.3.1/../../../../arm-none-eabi/lib/thumb/v7e-m+fp/hard/libnosys.a
END GROUP
START GROUP
LOAD /Applications/STM32CubeIDE.app/Contents/Eclipse/plugins/com.st.stm32cube.ide.mcu.externaltools.gnu-tools-for-stm32.11.3.rel1.macos64_1.1.0.202305231506/tools/bin/../lib/gcc/arm-none-eabi/11.3.1/thumb/v7e-m+fp/hard/libgcc.a
LOAD /Applications/STM32CubeIDE.app/Contents/Eclipse/plugins/com.st.stm32cube.ide.mcu.externaltools.gnu-tools-for-stm32.11.3.rel1.macos64_1.1.0.202305231506/tools/bin/../lib/gcc/arm-none-eabi/11.3.1/../../../../arm-none-eabi/lib/thumb/v7e-m+fp/hard/libc_nano.a
LOAD /Applications/STM32CubeIDE.app/Contents/Eclipse/plugins/com.st.stm32cube.ide.mcu.externaltools.gnu-tools-for-stm32.11.3.rel1.macos64_1.1.0.202305231506/tools/bin/../lib/gcc/arm-none-eabi/11.3.1/../../../../arm-none-eabi/lib/thumb/v7e-m+fp/hard/libnosys.a
END GROUP
LOAD /Applications/STM32CubeIDE.app/Contents/Eclipse/plugins/com.st.stm32cube.ide.mcu.externaltools.gnu-tools-for-stm32.11.3.rel1.macos64_1.1.0.202305231506/tools/bin/../lib/gcc/arm-none-eabi/11.3.1/thumb/v7e-m+fp/hard/crtend.o
LOAD /Applications/STM32CubeIDE.app/Contents/Eclipse/plugins/com.st.stm32cube.ide.mcu.externaltools.gnu-tools-for-stm32.11.3.rel1.macos64_1.1.0.202305231506/tools/bin/../lib/gcc/arm-none-eabi/11.3.1/thumb/v7e-m+fp/hard/crtn.o
                0x0000000020010000                _estack = (ORIGIN (RAM) + LENGTH (RAM))
                0x0000000000000200                _Min_Heap_Size = 0x200
                0x0000000000000400                _Min_Stack_Size = 0x400

.isr_vector     0x0000000008000000      0x194
                0x0000000008000000                . = ALIGN (0x4)
 *(.isr_vector)
 .isr_vector    0x0000000008000000      0x194 ./Core/Startup/startup_stm32f401rctx.o
                0x0000000008000000                g_pfnVectors
                0x0000000008000194                . = ALIGN (0x4)

.text           0x0000000008000194     0x6e6c
                0x0000000008000194                . = ALIGN (0x4)
 *(.text)
 .text          0x0000000008000194       0x40 /Applications/STM32CubeIDE.app/Contents/Eclipse/plugins/com.st.stm32cube.ide.mcu.externaltools.gnu-tools-for-stm32.11.3.rel1.macos64_1.1.0.202305231506/tools/bin/../lib/gcc/arm-none-eabi/11.3.1/thumb/v7e-m+fp/hard/crtbegin.o
 .text          0x00000000080001d4       0x30 /Applications/STM32CubeIDE.app/Contents/Eclipse/plugins/com.st.stm32cube.ide.mcu.externaltools.gnu-tools-for-stm32.11.3.rel1.macos64_1.1.0.202305231506/tools/bin/../lib/gcc/arm-none-eabi/11.3.1/thumb/v7e-m+fp/hard/libgcc.a(_aeabi_uldivmod.o)
                0x00000000080001d4                __aeabi_uldivmod
 .text          0x0000000008000204      0x2c8 /Applications/STM32CubeIDE.app/Contents/Eclipse/plugins/com.st.stm32cube.ide.mcu.externaltools.gnu-tools-for-stm32.11.3.rel1.macos64_1.1.0.202305231506/tools/bin/../lib/gcc/arm-none-eabi/11.3.1/thumb/v7e-m+fp/hard/libgcc.a(_udivmoddi4.o)
                0x0000000008000204                __udivmoddi4
 .text          0x00000000080004cc        0x4 /Applications/STM32CubeIDE.app/Contents/Eclipse/plugins/com.st.stm32cube.ide.mcu.externaltools.gnu-tools-for-stm32.11.3.rel1.macos64_1.1.0.202305231506/tools/bin/../lib/gcc/arm-none-eabi/11.3.1/thumb/v7e-m+fp/hard/libgcc.a(_dvmd_tls.o)
                0x00000000080004cc                __aeabi_ldiv0
                0x00000000080004cc                __aeabi_idiv0
 *(.text*)
 .text.main     0x00000000080004d0       0x1a ./Core/Src/main.o
                0x00000000080004d0                main
 *fill*         0x00000000080004ea        0x2 
 .text.SystemClock_Config
                0x00000000080004ec       0xd4 ./Core/Src/main.o
                0x00000000080004ec                SystemClock_Config
 .text.MX_SPI1_Init
                0x00000000080005c0       0x6c ./Core/Src/main.o
 .text.MX_GPIO_Init
                0x000000000800062c       0xe0 ./Core/Src/main.o
 .text.Error_Handler
                0x000000000800070c        0xa ./Core/Src/main.o
                0x000000000800070c                Error_Handler
 *fill*         0x0000000008000716        0x2 
 .text.HAL_MspInit
                0x0000000008000718       0x50 ./Core/Src/stm32f4xx_hal_msp.o
                0x0000000008000718                HAL_MspInit
 .text.HAL_SPI_MspInit
                0x0000000008000768       0x90 ./Core/Src/stm32f4xx_hal_msp.o
                0x0000000008000768                HAL_SPI_MspInit
 .text.NMI_Handler
                0x00000000080007f8        0x6 ./Core/Src/stm32f4xx_it.o
                0x00000000080007f8                NMI_Handler
 .text.HardFault_Handler
                0x00000000080007fe        0x6 ./Core/Src/stm32f4xx_it.o
                0x00000000080007fe                HardFault_Handler
 .text.MemManage_Handler
                0x0000000008000804        0x6 ./Core/Src/stm32f4xx_it.o
                0x0000000008000804                MemManage_Handler
 .text.BusFault_Handler
                0x000000000800080a        0x6 ./Core/Src/stm32f4xx_it.o
                0x000000000800080a                BusFault_Handler
 .text.UsageFault_Handler
                0x0000000008000810        0x6 ./Core/Src/stm32f4xx_it.o
                0x0000000008000810                UsageFault_Handler
 .text.SVC_Handler
                0x0000000008000816        0xe ./Core/Src/stm32f4xx_it.o
                0x0000000008000816                SVC_Handler
 .text.DebugMon_Handler
                0x0000000008000824        0xe ./Core/Src/stm32f4xx_it.o
                0x0000000008000824                DebugMon_Handler
 .text.PendSV_Handler
                0x0000000008000832        0xe ./Core/Src/stm32f4xx_it.o
                0x0000000008000832                PendSV_Handler
 .text.SysTick_Handler
                0x0000000008000840        0xc ./Core/Src/stm32f4xx_it.o
                0x0000000008000840                SysTick_Handler
 .text.OTG_FS_IRQHandler
                0x000000000800084c       0x14 ./Core/Src/stm32f4xx_it.o
                0x000000000800084c                OTG_FS_IRQHandler
 .text.SystemInit
                0x0000000008000860       0x24 ./Core/Src/system_stm32f4xx.o
                0x0000000008000860                SystemInit
 .text.Reset_Handler
                0x0000000008000884       0x50 ./Core/Startup/startup_stm32f401rctx.o
                0x0000000008000884                Reset_Handler
 .text.Default_Handler
                0x00000000080008d4        0x2 ./Core/Startup/startup_stm32f401rctx.o
                0x00000000080008d4                DMA1_Stream3_IRQHandler
                0x00000000080008d4                EXTI2_IRQHandler
                0x00000000080008d4                SPI4_IRQHandler
                0x00000000080008d4                TIM1_CC_IRQHandler
                0x00000000080008d4                DMA2_Stream5_IRQHandler
                0x00000000080008d4                DMA1_Stream5_IRQHandler
                0x00000000080008d4                PVD_IRQHandler
                0x00000000080008d4                SDIO_IRQHandler
                0x00000000080008d4                TAMP_STAMP_IRQHandler
                0x00000000080008d4                EXTI3_IRQHandler
                0x00000000080008d4                TIM1_UP_TIM10_IRQHandler
                0x00000000080008d4                I2C3_ER_IRQHandler
                0x00000000080008d4                EXTI0_IRQHandler
                0x00000000080008d4                I2C2_EV_IRQHandler
                0x00000000080008d4                DMA1_Stream2_IRQHandler
                0x00000000080008d4                FPU_IRQHandler
                0x00000000080008d4                DMA2_Stream2_IRQHandler
                0x00000000080008d4                SPI1_IRQHandler
                0x00000000080008d4                TIM1_BRK_TIM9_IRQHandler
                0x00000000080008d4                DMA2_Stream3_IRQHandler
                0x00000000080008d4                USART6_IRQHandler
                0x00000000080008d4                DMA2_Stream0_IRQHandler
                0x00000000080008d4                TIM4_IRQHandler
                0x00000000080008d4                I2C1_EV_IRQHandler
                0x00000000080008d4                DMA1_Stream6_IRQHandler
                0x00000000080008d4                DMA1_Stream1_IRQHandler
                0x00000000080008d4                TIM3_IRQHandler
                0x00000000080008d4                RCC_IRQHandler
                0x00000000080008d4                Default_Handler
                0x00000000080008d4                EXTI15_10_IRQHandler
                0x00000000080008d4                ADC_IRQHandler
                0x00000000080008d4                DMA1_Stream7_IRQHandler
                0x00000000080008d4                TIM5_IRQHandler
                0x00000000080008d4                DMA2_Stream7_IRQHandler
                0x00000000080008d4                I2C3_EV_IRQHandler
                0x00000000080008d4                EXTI9_5_IRQHandler
                0x00000000080008d4                RTC_WKUP_IRQHandler
                0x00000000080008d4                SPI2_IRQHandler
                0x00000000080008d4                DMA1_Stream0_IRQHandler
                0x00000000080008d4                EXTI4_IRQHandler
                0x00000000080008d4                WWDG_IRQHandler
                0x00000000080008d4                TIM2_IRQHandler
                0x00000000080008d4                OTG_FS_WKUP_IRQHandler
                0x00000000080008d4                TIM1_TRG_COM_TIM11_IRQHandler
                0x00000000080008d4                EXTI1_IRQHandler
                0x00000000080008d4                USART2_IRQHandler
                0x00000000080008d4                I2C2_ER_IRQHandler
                0x00000000080008d4                DMA2_Stream1_IRQHandler
                0x00000000080008d4                FLASH_IRQHandler
                0x00000000080008d4                DMA2_Stream4_IRQHandler
                0x00000000080008d4                USART1_IRQHandler
                0x00000000080008d4                SPI3_IRQHandler
                0x00000000080008d4                DMA1_Stream4_IRQHandler
                0x00000000080008d4                I2C1_ER_IRQHandler
                0x00000000080008d4                DMA2_Stream6_IRQHandler
                0x00000000080008d4                RTC_Alarm_IRQHandler
 *fill*         0x00000000080008d6        0x2 
 .text.HAL_Init
                0x00000000080008d8       0x44 ./Drivers/STM32F4xx_HAL_Driver/Src/stm32f4xx_hal.o
                0x00000000080008d8                HAL_Init
 .text.HAL_InitTick
                0x000000000800091c       0x60 ./Drivers/STM32F4xx_HAL_Driver/Src/stm32f4xx_hal.o
                0x000000000800091c                HAL_InitTick
 .text.HAL_IncTick
                0x000000000800097c       0x28 ./Drivers/STM32F4xx_HAL_Driver/Src/stm32f4xx_hal.o
                0x000000000800097c                HAL_IncTick
 .text.HAL_GetTick
                0x00000000080009a4       0x18 ./Drivers/STM32F4xx_HAL_Driver/Src/stm32f4xx_hal.o
                0x00000000080009a4                HAL_GetTick
 .text.HAL_Delay
                0x00000000080009bc       0x48 ./Drivers/STM32F4xx_HAL_Driver/Src/stm32f4xx_hal.o
                0x00000000080009bc                HAL_Delay
 .text.__NVIC_SetPriorityGrouping
                0x0000000008000a04       0x48 ./Drivers/STM32F4xx_HAL_Driver/Src/stm32f4xx_hal_cortex.o
 .text.__NVIC_GetPriorityGrouping
                0x0000000008000a4c       0x1c ./Drivers/STM32F4xx_HAL_Driver/Src/stm32f4xx_hal_cortex.o
 .text.__NVIC_EnableIRQ
                0x0000000008000a68       0x3c ./Drivers/STM32F4xx_HAL_Driver/Src/stm32f4xx_hal_cortex.o
 .text.__NVIC_SetPriority
                0x0000000008000aa4       0x54 ./Drivers/STM32F4xx_HAL_Driver/Src/stm32f4xx_hal_cortex.o
 .text.NVIC_EncodePriority
                0x0000000008000af8       0x66 ./Drivers/STM32F4xx_HAL_Driver/Src/stm32f4xx_hal_cortex.o
 *fill*         0x0000000008000b5e        0x2 
 .text.SysTick_Config
                0x0000000008000b60       0x44 ./Drivers/STM32F4xx_HAL_Driver/Src/stm32f4xx_hal_cortex.o
 .text.HAL_NVIC_SetPriorityGrouping
                0x0000000008000ba4       0x16 ./Drivers/STM32F4xx_HAL_Driver/Src/stm32f4xx_hal_cortex.o
                0x0000000008000ba4                HAL_NVIC_SetPriorityGrouping
 .text.HAL_NVIC_SetPriority
                0x0000000008000bba       0x38 ./Drivers/STM32F4xx_HAL_Driver/Src/stm32f4xx_hal_cortex.o
                0x0000000008000bba                HAL_NVIC_SetPriority
 .text.HAL_NVIC_EnableIRQ
                0x0000000008000bf2       0x1c ./Drivers/STM32F4xx_HAL_Driver/Src/stm32f4xx_hal_cortex.o
                0x0000000008000bf2                HAL_NVIC_EnableIRQ
 .text.HAL_SYSTICK_Config
                0x0000000008000c0e       0x18 ./Drivers/STM32F4xx_HAL_Driver/Src/stm32f4xx_hal_cortex.o
                0x0000000008000c0e                HAL_SYSTICK_Config
 *fill*         0x0000000008000c26        0x2 
 .text.HAL_GPIO_Init
                0x0000000008000c28      0x308 ./Drivers/STM32F4xx_HAL_Driver/Src/stm32f4xx_hal_gpio.o
                0x0000000008000c28                HAL_GPIO_Init
 .text.HAL_PCD_Init
                0x0000000008000f30      0x23a ./Drivers/STM32F4xx_HAL_Driver/Src/stm32f4xx_hal_pcd.o
                0x0000000008000f30                HAL_PCD_Init
 .text.HAL_PCD_Start
                0x000000000800116a       0x66 ./Drivers/STM32F4xx_HAL_Driver/Src/stm32f4xx_hal_pcd.o
                0x000000000800116a                HAL_PCD_Start
 .text.HAL_PCD_IRQHandler
                0x00000000080011d0      0x93e ./Drivers/STM32F4xx_HAL_Driver/Src/stm32f4xx_hal_pcd.o
                0x00000000080011d0                HAL_PCD_IRQHandler
 .text.HAL_PCD_SetAddress
                0x0000000008001b0e       0x4a ./Drivers/STM32F4xx_HAL_Driver/Src/stm32f4xx_hal_pcd.o
                0x0000000008001b0e                HAL_PCD_SetAddress
 .text.HAL_PCD_EP_Open
                0x0000000008001b58       0xd0 ./Drivers/STM32F4xx_HAL_Driver/Src/stm32f4xx_hal_pcd.o
                0x0000000008001b58                HAL_PCD_EP_Open
 .text.HAL_PCD_EP_Close
                0x0000000008001c28       0x94 ./Drivers/STM32F4xx_HAL_Driver/Src/stm32f4xx_hal_pcd.o
                0x0000000008001c28                HAL_PCD_EP_Close
 .text.HAL_PCD_EP_Receive
                0x0000000008001cbc       0x96 ./Drivers/STM32F4xx_HAL_Driver/Src/stm32f4xx_hal_pcd.o
                0x0000000008001cbc                HAL_PCD_EP_Receive
 .text.HAL_PCD_EP_GetRxCount
                0x0000000008001d52       0x30 ./Drivers/STM32F4xx_HAL_Driver/Src/stm32f4xx_hal_pcd.o
                0x0000000008001d52                HAL_PCD_EP_GetRxCount
 .text.HAL_PCD_EP_Transmit
                0x0000000008001d82       0x94 ./Drivers/STM32F4xx_HAL_Driver/Src/stm32f4xx_hal_pcd.o
                0x0000000008001d82                HAL_PCD_EP_Transmit
 .text.HAL_PCD_EP_SetStall
                0x0000000008001e16       0xc8 ./Drivers/STM32F4xx_HAL_Driver/Src/stm32f4xx_hal_pcd.o
                0x0000000008001e16                HAL_PCD_EP_SetStall
 .text.HAL_PCD_EP_ClrStall
                0x0000000008001ede       0xac ./Drivers/STM32F4xx_HAL_Driver/Src/stm32f4xx_hal_pcd.o
                0x0000000008001ede                HAL_PCD_EP_ClrStall
 .text.HAL_PCD_EP_Abort
                0x0000000008001f8a       0x62 ./Drivers/STM32F4xx_HAL_Driver/Src/stm32f4xx_hal_pcd.o
                0x0000000008001f8a                HAL_PCD_EP_Abort
 .text.PCD_WriteEmptyTxFifo
                0x0000000008001fec      0x11a ./Drivers/STM32F4xx_HAL_Driver/Src/stm32f4xx_hal_pcd.o
 *fill*         0x0000000008002106        0x2 
 .text.PCD_EP_OutXfrComplete_int
                0x0000000008002108      0x1d0 ./Drivers/STM32F4xx_HAL_Driver/Src/stm32f4xx_hal_pcd.o
 .text.PCD_EP_OutSetupPacket_int
                0x00000000080022d8       0x8c ./Drivers/STM32F4xx_HAL_Driver/Src/stm32f4xx_hal_pcd.o
 .text.HAL_PCDEx_SetTxFiFo
                0x0000000008002364       0x8e ./Drivers/STM32F4xx_HAL_Driver/Src/stm32f4xx_hal_pcd_ex.o
                0x0000000008002364                HAL_PCDEx_SetTxFiFo
 .text.HAL_PCDEx_SetRxFiFo
                0x00000000080023f2       0x22 ./Drivers/STM32F4xx_HAL_Driver/Src/stm32f4xx_hal_pcd_ex.o
                0x00000000080023f2                HAL_PCDEx_SetRxFiFo
 .text.HAL_PCDEx_LPM_Callback
                0x0000000008002414       0x18 ./Drivers/STM32F4xx_HAL_Driver/Src/stm32f4xx_hal_pcd_ex.o
                0x0000000008002414                HAL_PCDEx_LPM_Callback
 .text.HAL_RCC_OscConfig
                0x000000000800242c      0x4f0 ./Drivers/STM32F4xx_HAL_Driver/Src/stm32f4xx_hal_rcc.o
                0x000000000800242c                HAL_RCC_OscConfig
 .text.HAL_RCC_ClockConfig
                0x000000000800291c      0x1cc ./Drivers/STM32F4xx_HAL_Driver/Src/stm32f4xx_hal_rcc.o
                0x000000000800291c                HAL_RCC_ClockConfig
 .text.HAL_RCC_GetSysClockFreq
                0x0000000008002ae8      0x20c ./Drivers/STM32F4xx_HAL_Driver/Src/stm32f4xx_hal_rcc.o
                0x0000000008002ae8                HAL_RCC_GetSysClockFreq
 .text.HAL_RCC_GetHCLKFreq
                0x0000000008002cf4       0x18 ./Drivers/STM32F4xx_HAL_Driver/Src/stm32f4xx_hal_rcc.o
                0x0000000008002cf4                HAL_RCC_GetHCLKFreq
 .text.HAL_SPI_Init
                0x0000000008002d0c      0x112 ./Drivers/STM32F4xx_HAL_Driver/Src/stm32f4xx_hal_spi.o
                0x0000000008002d0c                HAL_SPI_Init
 .text.USB_CoreInit
                0x0000000008002e1e       0xc2 ./Drivers/STM32F4xx_HAL_Driver/Src/stm32f4xx_ll_usb.o
                0x0000000008002e1e                USB_CoreInit
 .text.USB_SetTurnaroundTime
                0x0000000008002ee0      0x144 ./Drivers/STM32F4xx_HAL_Driver/Src/stm32f4xx_ll_usb.o
                0x0000000008002ee0                USB_SetTurnaroundTime
 .text.USB_EnableGlobalInt
                0x0000000008003024       0x22 ./Drivers/STM32F4xx_HAL_Driver/Src/stm32f4xx_ll_usb.o
                0x0000000008003024                USB_EnableGlobalInt
 .text.USB_DisableGlobalInt
                0x0000000008003046       0x22 ./Drivers/STM32F4xx_HAL_Driver/Src/stm32f4xx_ll_usb.o
                0x0000000008003046                USB_DisableGlobalInt
 .text.USB_SetCurrentMode
                0x0000000008003068       0x98 ./Drivers/STM32F4xx_HAL_Driver/Src/stm32f4xx_ll_usb.o
                0x0000000008003068                USB_SetCurrentMode
 .text.USB_DevInit
                0x0000000008003100      0x2c8 ./Drivers/STM32F4xx_HAL_Driver/Src/stm32f4xx_ll_usb.o
                0x0000000008003100                USB_DevInit
 .text.USB_FlushTxFifo
                0x00000000080033c8       0x68 ./Drivers/STM32F4xx_HAL_Driver/Src/stm32f4xx_ll_usb.o
                0x00000000080033c8                USB_FlushTxFifo
 .text.USB_FlushRxFifo
                0x0000000008003430       0x60 ./Drivers/STM32F4xx_HAL_Driver/Src/stm32f4xx_ll_usb.o
                0x0000000008003430                USB_FlushRxFifo
 .text.USB_SetDevSpeed
                0x0000000008003490       0x32 ./Drivers/STM32F4xx_HAL_Driver/Src/stm32f4xx_ll_usb.o
                0x0000000008003490                USB_SetDevSpeed
 .text.USB_GetDevSpeed
                0x00000000080034c2       0x4a ./Drivers/STM32F4xx_HAL_Driver/Src/stm32f4xx_ll_usb.o
                0x00000000080034c2                USB_GetDevSpeed
 .text.USB_ActivateEndpoint
                0x000000000800350c      0x10e ./Drivers/STM32F4xx_HAL_Driver/Src/stm32f4xx_ll_usb.o
                0x000000000800350c                USB_ActivateEndpoint
 *fill*         0x000000000800361a        0x2 
 .text.USB_DeactivateEndpoint
                0x000000000800361c      0x1b8 ./Drivers/STM32F4xx_HAL_Driver/Src/stm32f4xx_ll_usb.o
                0x000000000800361c                USB_DeactivateEndpoint
 .text.USB_EPStartXfer
                0x00000000080037d4      0x490 ./Drivers/STM32F4xx_HAL_Driver/Src/stm32f4xx_ll_usb.o
                0x00000000080037d4                USB_EPStartXfer
 .text.USB_EP0StartXfer
                0x0000000008003c64      0x2b0 ./Drivers/STM32F4xx_HAL_Driver/Src/stm32f4xx_ll_usb.o
                0x0000000008003c64                USB_EP0StartXfer
 .text.USB_EPStopXfer
                0x0000000008003f14      0x154 ./Drivers/STM32F4xx_HAL_Driver/Src/stm32f4xx_ll_usb.o
                0x0000000008003f14                USB_EPStopXfer
 .text.USB_WritePacket
                0x0000000008004068       0x7c ./Drivers/STM32F4xx_HAL_Driver/Src/stm32f4xx_ll_usb.o
                0x0000000008004068                USB_WritePacket
 .text.USB_ReadPacket
                0x00000000080040e4       0xb0 ./Drivers/STM32F4xx_HAL_Driver/Src/stm32f4xx_ll_usb.o
                0x00000000080040e4                USB_ReadPacket
 .text.USB_EPSetStall
                0x0000000008004194       0xdc ./Drivers/STM32F4xx_HAL_Driver/Src/stm32f4xx_ll_usb.o
                0x0000000008004194                USB_EPSetStall
 .text.USB_EPClearStall
                0x0000000008004270       0xcc ./Drivers/STM32F4xx_HAL_Driver/Src/stm32f4xx_ll_usb.o
                0x0000000008004270                USB_EPClearStall
 .text.USB_SetDevAddress
                0x000000000800433c       0x4c ./Drivers/STM32F4xx_HAL_Driver/Src/stm32f4xx_ll_usb.o
                0x000000000800433c                USB_SetDevAddress
 .text.USB_DevConnect
                0x0000000008004388       0x42 ./Drivers/STM32F4xx_HAL_Driver/Src/stm32f4xx_ll_usb.o
                0x0000000008004388                USB_DevConnect
 .text.USB_DevDisconnect
                0x00000000080043ca       0x42 ./Drivers/STM32F4xx_HAL_Driver/Src/stm32f4xx_ll_usb.o
                0x00000000080043ca                USB_DevDisconnect
 .text.USB_ReadInterrupts
                0x000000000800440c       0x26 ./Drivers/STM32F4xx_HAL_Driver/Src/stm32f4xx_ll_usb.o
                0x000000000800440c                USB_ReadInterrupts
 .text.USB_ReadDevAllOutEpInterrupt
                0x0000000008004432       0x34 ./Drivers/STM32F4xx_HAL_Driver/Src/stm32f4xx_ll_usb.o
                0x0000000008004432                USB_ReadDevAllOutEpInterrupt
 .text.USB_ReadDevAllInEpInterrupt
                0x0000000008004466       0x34 ./Drivers/STM32F4xx_HAL_Driver/Src/stm32f4xx_ll_usb.o
                0x0000000008004466                USB_ReadDevAllInEpInterrupt
 .text.USB_ReadDevOutEPInterrupt
                0x000000000800449a       0x3c ./Drivers/STM32F4xx_HAL_Driver/Src/stm32f4xx_ll_usb.o
                0x000000000800449a                USB_ReadDevOutEPInterrupt
 .text.USB_ReadDevInEPInterrupt
                0x00000000080044d6       0x5c ./Drivers/STM32F4xx_HAL_Driver/Src/stm32f4xx_ll_usb.o
                0x00000000080044d6                USB_ReadDevInEPInterrupt
 .text.USB_GetMode
                0x0000000008004532       0x1c ./Drivers/STM32F4xx_HAL_Driver/Src/stm32f4xx_ll_usb.o
                0x0000000008004532                USB_GetMode
 .text.USB_ActivateSetup
                0x000000000800454e       0x46 ./Drivers/STM32F4xx_HAL_Driver/Src/stm32f4xx_ll_usb.o
                0x000000000800454e                USB_ActivateSetup
 .text.USB_EP0_OutStart
                0x0000000008004594       0xbc ./Drivers/STM32F4xx_HAL_Driver/Src/stm32f4xx_ll_usb.o
                0x0000000008004594                USB_EP0_OutStart
 .text.USB_CoreReset
                0x0000000008004650       0x68 ./Drivers/STM32F4xx_HAL_Driver/Src/stm32f4xx_ll_usb.o
 .text.USBD_CDC_Init
                0x00000000080046b8      0x1f0 ./Middlewares/ST/STM32_USB_Device_Library/Class/CDC/Src/usbd_cdc.o
 .text.USBD_CDC_DeInit
                0x00000000080048a8      0x104 ./Middlewares/ST/STM32_USB_Device_Library/Class/CDC/Src/usbd_cdc.o
 .text.USBD_CDC_Setup
                0x00000000080049ac      0x1b8 ./Middlewares/ST/STM32_USB_Device_Library/Class/CDC/Src/usbd_cdc.o
 .text.USBD_CDC_DataIn
                0x0000000008004b64       0xfe ./Middlewares/ST/STM32_USB_Device_Library/Class/CDC/Src/usbd_cdc.o
 .text.USBD_CDC_DataOut
                0x0000000008004c62       0x70 ./Middlewares/ST/STM32_USB_Device_Library/Class/CDC/Src/usbd_cdc.o
 .text.USBD_CDC_EP0_RxReady
                0x0000000008004cd2       0x76 ./Middlewares/ST/STM32_USB_Device_Library/Class/CDC/Src/usbd_cdc.o
 .text.USBD_CDC_GetFSCfgDesc
                0x0000000008004d48       0x70 ./Middlewares/ST/STM32_USB_Device_Library/Class/CDC/Src/usbd_cdc.o
 .text.USBD_CDC_GetHSCfgDesc
                0x0000000008004db8       0x70 ./Middlewares/ST/STM32_USB_Device_Library/Class/CDC/Src/usbd_cdc.o
 .text.USBD_CDC_GetOtherSpeedCfgDesc
                0x0000000008004e28       0x70 ./Middlewares/ST/STM32_USB_Device_Library/Class/CDC/Src/usbd_cdc.o
 .text.USBD_CDC_GetDeviceQualifierDescriptor
                0x0000000008004e98       0x20 ./Middlewares/ST/STM32_USB_Device_Library/Class/CDC/Src/usbd_cdc.o
                0x0000000008004e98                USBD_CDC_GetDeviceQualifierDescriptor
 .text.USBD_CDC_RegisterInterface
                0x0000000008004eb8       0x34 ./Middlewares/ST/STM32_USB_Device_Library/Class/CDC/Src/usbd_cdc.o
                0x0000000008004eb8                USBD_CDC_RegisterInterface
 .text.USBD_CDC_SetTxBuffer
                0x0000000008004eec       0x44 ./Middlewares/ST/STM32_USB_Device_Library/Class/CDC/Src/usbd_cdc.o
                0x0000000008004eec                USBD_CDC_SetTxBuffer
 .text.USBD_CDC_SetRxBuffer
                0x0000000008004f30       0x3a ./Middlewares/ST/STM32_USB_Device_Library/Class/CDC/Src/usbd_cdc.o
                0x0000000008004f30                USBD_CDC_SetRxBuffer
 *fill*         0x0000000008004f6a        0x2 
 .text.USBD_CDC_ReceivePacket
                0x0000000008004f6c       0x6c ./Middlewares/ST/STM32_USB_Device_Library/Class/CDC/Src/usbd_cdc.o
                0x0000000008004f6c                USBD_CDC_ReceivePacket
 .text.USBD_Init
                0x0000000008004fd8       0x60 ./Middlewares/ST/STM32_USB_Device_Library/Core/Src/usbd_core.o
                0x0000000008004fd8                USBD_Init
 .text.USBD_RegisterClass
                0x0000000008005038       0x6c ./Middlewares/ST/STM32_USB_Device_Library/Core/Src/usbd_core.o
                0x0000000008005038                USBD_RegisterClass
 .text.USBD_Start
                0x00000000080050a4       0x18 ./Middlewares/ST/STM32_USB_Device_Library/Core/Src/usbd_core.o
                0x00000000080050a4                USBD_Start
 .text.USBD_RunTestMode
                0x00000000080050bc       0x16 ./Middlewares/ST/STM32_USB_Device_Library/Core/Src/usbd_core.o
                0x00000000080050bc                USBD_RunTestMode
 .text.USBD_SetClassConfig
                0x00000000080050d2       0x38 ./Middlewares/ST/STM32_USB_Device_Library/Core/Src/usbd_core.o
                0x00000000080050d2                USBD_SetClassConfig
 .text.USBD_ClrClassConfig
                0x000000000800510a       0x34 ./Middlewares/ST/STM32_USB_Device_Library/Core/Src/usbd_core.o
                0x000000000800510a                USBD_ClrClassConfig
 .text.USBD_LL_SetupStage
                0x000000000800513e       0xaa ./Middlewares/ST/STM32_USB_Device_Library/Core/Src/usbd_core.o
                0x000000000800513e                USBD_LL_SetupStage
 .text.USBD_LL_DataOutStage
                0x00000000080051e8      0x166 ./Middlewares/ST/STM32_USB_Device_Library/Core/Src/usbd_core.o
                0x00000000080051e8                USBD_LL_DataOutStage
 .text.USBD_LL_DataInStage
                0x000000000800534e      0x164 ./Middlewares/ST/STM32_USB_Device_Library/Core/Src/usbd_core.o
                0x000000000800534e                USBD_LL_DataInStage
 .text.USBD_LL_Reset
                0x00000000080054b2       0xa4 ./Middlewares/ST/STM32_USB_Device_Library/Core/Src/usbd_core.o
                0x00000000080054b2                USBD_LL_Reset
 .text.USBD_LL_SetSpeed
                0x0000000008005556       0x20 ./Middlewares/ST/STM32_USB_Device_Library/Core/Src/usbd_core.o
                0x0000000008005556                USBD_LL_SetSpeed
 .text.USBD_LL_Suspend
                0x0000000008005576       0x2c ./Middlewares/ST/STM32_USB_Device_Library/Core/Src/usbd_core.o
                0x0000000008005576                USBD_LL_Suspend
 .text.USBD_LL_Resume
                0x00000000080055a2       0x30 ./Middlewares/ST/STM32_USB_Device_Library/Core/Src/usbd_core.o
                0x00000000080055a2                USBD_LL_Resume
 .text.USBD_LL_SOF
                0x00000000080055d2       0x40 ./Middlewares/ST/STM32_USB_Device_Library/Core/Src/usbd_core.o
                0x00000000080055d2                USBD_LL_SOF
 .text.USBD_LL_IsoINIncomplete
                0x0000000008005612       0x64 ./Middlewares/ST/STM32_USB_Device_Library/Core/Src/usbd_core.o
                0x0000000008005612                USBD_LL_IsoINIncomplete
 .text.USBD_LL_IsoOUTIncomplete
                0x0000000008005676       0x64 ./Middlewares/ST/STM32_USB_Device_Library/Core/Src/usbd_core.o
                0x0000000008005676                USBD_LL_IsoOUTIncomplete
 .text.USBD_LL_DevConnected
                0x00000000080056da       0x16 ./Middlewares/ST/STM32_USB_Device_Library/Core/Src/usbd_core.o
                0x00000000080056da                USBD_LL_DevConnected
 .text.USBD_LL_DevDisconnected
                0x00000000080056f0       0x46 ./Middlewares/ST/STM32_USB_Device_Library/Core/Src/usbd_core.o
                0x00000000080056f0                USBD_LL_DevDisconnected
 .text.USBD_CoreFindIF
                0x0000000008005736       0x1a ./Middlewares/ST/STM32_USB_Device_Library/Core/Src/usbd_core.o
                0x0000000008005736                USBD_CoreFindIF
 .text.USBD_CoreFindEP
                0x0000000008005750       0x1a ./Middlewares/ST/STM32_USB_Device_Library/Core/Src/usbd_core.o
                0x0000000008005750                USBD_CoreFindEP
 .text.USBD_GetEpDesc
                0x000000000800576a       0x74 ./Middlewares/ST/STM32_USB_Device_Library/Core/Src/usbd_core.o
                0x000000000800576a                USBD_GetEpDesc
 .text.USBD_GetNextDesc
                0x00000000080057de       0x3a ./Middlewares/ST/STM32_USB_Device_Library/Core/Src/usbd_core.o
                0x00000000080057de                USBD_GetNextDesc
 .text.SWAPBYTE
                0x0000000008005818       0x3c ./Middlewares/ST/STM32_USB_Device_Library/Core/Src/usbd_ctlreq.o
 .text.USBD_StdDevReq
                0x0000000008005854       0xe4 ./Middlewares/ST/STM32_USB_Device_Library/Core/Src/usbd_ctlreq.o
                0x0000000008005854                USBD_StdDevReq
 .text.USBD_StdItfReq
                0x0000000008005938       0xd8 ./Middlewares/ST/STM32_USB_Device_Library/Core/Src/usbd_ctlreq.o
                0x0000000008005938                USBD_StdItfReq
 .text.USBD_StdEPReq
                0x0000000008005a10      0x33a ./Middlewares/ST/STM32_USB_Device_Library/Core/Src/usbd_ctlreq.o
                0x0000000008005a10                USBD_StdEPReq
 *fill*         0x0000000008005d4a        0x2 
 .text.USBD_GetDescriptor
                0x0000000008005d4c      0x2d4 ./Middlewares/ST/STM32_USB_Device_Library/Core/Src/usbd_ctlreq.o
 .text.USBD_SetAddress
                0x0000000008006020       0x88 ./Middlewares/ST/STM32_USB_Device_Library/Core/Src/usbd_ctlreq.o
 .text.USBD_SetConfig
                0x00000000080060a8      0x154 ./Middlewares/ST/STM32_USB_Device_Library/Core/Src/usbd_ctlreq.o
 .text.USBD_GetConfig
                0x00000000080061fc       0x6c ./Middlewares/ST/STM32_USB_Device_Library/Core/Src/usbd_ctlreq.o
 .text.USBD_GetStatus
                0x0000000008006268       0x68 ./Middlewares/ST/STM32_USB_Device_Library/Core/Src/usbd_ctlreq.o
 .text.USBD_SetFeature
                0x00000000080062d0       0x52 ./Middlewares/ST/STM32_USB_Device_Library/Core/Src/usbd_ctlreq.o
 .text.USBD_ClrFeature
                0x0000000008006322       0x44 ./Middlewares/ST/STM32_USB_Device_Library/Core/Src/usbd_ctlreq.o
 .text.USBD_ParseSetupRequest
                0x0000000008006366       0x74 ./Middlewares/ST/STM32_USB_Device_Library/Core/Src/usbd_ctlreq.o
                0x0000000008006366                USBD_ParseSetupRequest
 .text.USBD_CtlError
                0x00000000080063da       0x22 ./Middlewares/ST/STM32_USB_Device_Library/Core/Src/usbd_ctlreq.o
                0x00000000080063da                USBD_CtlError
 .text.USBD_GetString
                0x00000000080063fc       0x8c ./Middlewares/ST/STM32_USB_Device_Library/Core/Src/usbd_ctlreq.o
                0x00000000080063fc                USBD_GetString
 .text.USBD_GetLen
                0x0000000008006488       0x34 ./Middlewares/ST/STM32_USB_Device_Library/Core/Src/usbd_ctlreq.o
 .text.USBD_CtlSendData
                0x00000000080064bc       0x36 ./Middlewares/ST/STM32_USB_Device_Library/Core/Src/usbd_ioreq.o
                0x00000000080064bc                USBD_CtlSendData
 .text.USBD_CtlContinueSendData
                0x00000000080064f2       0x22 ./Middlewares/ST/STM32_USB_Device_Library/Core/Src/usbd_ioreq.o
                0x00000000080064f2                USBD_CtlContinueSendData
 .text.USBD_CtlPrepareRx
                0x0000000008006514       0x3a ./Middlewares/ST/STM32_USB_Device_Library/Core/Src/usbd_ioreq.o
                0x0000000008006514                USBD_CtlPrepareRx
 .text.USBD_CtlContinueRx
                0x000000000800654e       0x22 ./Middlewares/ST/STM32_USB_Device_Library/Core/Src/usbd_ioreq.o
                0x000000000800654e                USBD_CtlContinueRx
 .text.USBD_CtlSendStatus
                0x0000000008006570       0x26 ./Middlewares/ST/STM32_USB_Device_Library/Core/Src/usbd_ioreq.o
                0x0000000008006570                USBD_CtlSendStatus
 .text.USBD_CtlReceiveStatus
                0x0000000008006596       0x26 ./Middlewares/ST/STM32_USB_Device_Library/Core/Src/usbd_ioreq.o
                0x0000000008006596                USBD_CtlReceiveStatus
 .text.MX_USB_DEVICE_Init
                0x00000000080065bc       0x60 ./USB_DEVICE/App/usb_device.o
                0x00000000080065bc                MX_USB_DEVICE_Init
 .text.CDC_Init_FS
                0x000000000800661c       0x28 ./USB_DEVICE/App/usbd_cdc_if.o
 .text.CDC_DeInit_FS
                0x0000000008006644       0x10 ./USB_DEVICE/App/usbd_cdc_if.o
 .text.CDC_Control_FS
                0x0000000008006654       0xbc ./USB_DEVICE/App/usbd_cdc_if.o
 .text.CDC_Receive_FS
                0x0000000008006710       0x28 ./USB_DEVICE/App/usbd_cdc_if.o
 .text.CDC_TransmitCplt_FS
                0x0000000008006738       0x22 ./USB_DEVICE/App/usbd_cdc_if.o
 *fill*         0x000000000800675a        0x2 
 .text.USBD_FS_DeviceDescriptor
                0x000000000800675c       0x24 ./USB_DEVICE/App/usbd_desc.o
                0x000000000800675c                USBD_FS_DeviceDescriptor
 .text.USBD_FS_LangIDStrDescriptor
                0x0000000008006780       0x24 ./USB_DEVICE/App/usbd_desc.o
                0x0000000008006780                USBD_FS_LangIDStrDescriptor
 .text.USBD_FS_ProductStrDescriptor
                0x00000000080067a4       0x3c ./USB_DEVICE/App/usbd_desc.o
                0x00000000080067a4                USBD_FS_ProductStrDescriptor
 .text.USBD_FS_ManufacturerStrDescriptor
                0x00000000080067e0       0x28 ./USB_DEVICE/App/usbd_desc.o
                0x00000000080067e0                USBD_FS_ManufacturerStrDescriptor
 .text.USBD_FS_SerialStrDescriptor
                0x0000000008006808       0x24 ./USB_DEVICE/App/usbd_desc.o
                0x0000000008006808                USBD_FS_SerialStrDescriptor
 .text.USBD_FS_ConfigStrDescriptor
                0x000000000800682c       0x3c ./USB_DEVICE/App/usbd_desc.o
                0x000000000800682c                USBD_FS_ConfigStrDescriptor
 .text.USBD_FS_InterfaceStrDescriptor
                0x0000000008006868       0x3c ./USB_DEVICE/App/usbd_desc.o
                0x0000000008006868                USBD_FS_InterfaceStrDescriptor
 .text.Get_SerialNum
                0x00000000080068a4       0x58 ./USB_DEVICE/App/usbd_desc.o
 .text.IntToUnicode
                0x00000000080068fc       0x7e ./USB_DEVICE/App/usbd_desc.o
 *fill*         0x000000000800697a        0x2 
 .text.HAL_PCD_MspInit
                0x000000000800697c       0xa8 ./USB_DEVICE/Target/usbd_conf.o
                0x000000000800697c                HAL_PCD_MspInit
 .text.HAL_PCD_SetupStageCallback
                0x0000000008006a24       0x24 ./USB_DEVICE/Target/usbd_conf.o
                0x0000000008006a24                HAL_PCD_SetupStageCallback
 .text.HAL_PCD_DataOutStageCallback
                0x0000000008006a48       0x36 ./USB_DEVICE/Target/usbd_conf.o
                0x0000000008006a48                HAL_PCD_DataOutStageCallback
 .text.HAL_PCD_DataInStageCallback
                0x0000000008006a7e       0x34 ./USB_DEVICE/Target/usbd_conf.o
                0x0000000008006a7e                HAL_PCD_DataInStageCallback
 .text.HAL_PCD_SOFCallback
                0x0000000008006ab2       0x1c ./USB_DEVICE/Target/usbd_conf.o
                0x0000000008006ab2                HAL_PCD_SOFCallback
 .text.HAL_PCD_ResetCallback
                0x0000000008006ace       0x3c ./USB_DEVICE/Target/usbd_conf.o
                0x0000000008006ace                HAL_PCD_ResetCallback
 *fill*         0x0000000008006b0a        0x2 
 .text.HAL_PCD_SuspendCallback
                0x0000000008006b0c       0x4c ./USB_DEVICE/Target/usbd_conf.o
                0x0000000008006b0c                HAL_PCD_SuspendCallback
 .text.HAL_PCD_ResumeCallback
                0x0000000008006b58       0x1c ./USB_DEVICE/Target/usbd_conf.o
                0x0000000008006b58                HAL_PCD_ResumeCallback
 .text.HAL_PCD_ISOOUTIncompleteCallback
                0x0000000008006b74       0x24 ./USB_DEVICE/Target/usbd_conf.o
                0x0000000008006b74                HAL_PCD_ISOOUTIncompleteCallback
 .text.HAL_PCD_ISOINIncompleteCallback
                0x0000000008006b98       0x24 ./USB_DEVICE/Target/usbd_conf.o
                0x0000000008006b98                HAL_PCD_ISOINIncompleteCallback
 .text.HAL_PCD_ConnectCallback
                0x0000000008006bbc       0x1c ./USB_DEVICE/Target/usbd_conf.o
                0x0000000008006bbc                HAL_PCD_ConnectCallback
 .text.HAL_PCD_DisconnectCallback
                0x0000000008006bd8       0x1c ./USB_DEVICE/Target/usbd_conf.o
                0x0000000008006bd8                HAL_PCD_DisconnectCallback
 .text.USBD_LL_Init
                0x0000000008006bf4       0x98 ./USB_DEVICE/Target/usbd_conf.o
                0x0000000008006bf4                USBD_LL_Init
 .text.USBD_LL_Start
                0x0000000008006c8c       0x36 ./USB_DEVICE/Target/usbd_conf.o
                0x0000000008006c8c                USBD_LL_Start
 .text.USBD_LL_OpenEP
                0x0000000008006cc2       0x4c ./USB_DEVICE/Target/usbd_conf.o
                0x0000000008006cc2                USBD_LL_OpenEP
 .text.USBD_LL_CloseEP
                0x0000000008006d0e       0x3e ./USB_DEVICE/Target/usbd_conf.o
                0x0000000008006d0e                USBD_LL_CloseEP
 .text.USBD_LL_StallEP
                0x0000000008006d4c       0x3e ./USB_DEVICE/Target/usbd_conf.o
                0x0000000008006d4c                USBD_LL_StallEP
 .text.USBD_LL_ClearStallEP
                0x0000000008006d8a       0x3e ./USB_DEVICE/Target/usbd_conf.o
                0x0000000008006d8a                USBD_LL_ClearStallEP
 .text.USBD_LL_IsStallEP
                0x0000000008006dc8       0x58 ./USB_DEVICE/Target/usbd_conf.o
                0x0000000008006dc8                USBD_LL_IsStallEP
 .text.USBD_LL_SetUSBAddress
                0x0000000008006e20       0x3e ./USB_DEVICE/Target/usbd_conf.o
                0x0000000008006e20                USBD_LL_SetUSBAddress
 .text.USBD_LL_Transmit
                0x0000000008006e5e       0x42 ./USB_DEVICE/Target/usbd_conf.o
                0x0000000008006e5e                USBD_LL_Transmit
 .text.USBD_LL_PrepareReceive
                0x0000000008006ea0       0x42 ./USB_DEVICE/Target/usbd_conf.o
                0x0000000008006ea0                USBD_LL_PrepareReceive
 .text.USBD_LL_GetRxDataSize
                0x0000000008006ee2       0x26 ./USB_DEVICE/Target/usbd_conf.o
                0x0000000008006ee2                USBD_LL_GetRxDataSize
 .text.USBD_static_malloc
                0x0000000008006f08       0x1c ./USB_DEVICE/Target/usbd_conf.o
                0x0000000008006f08                USBD_static_malloc
 .text.USBD_static_free
                0x0000000008006f24       0x14 ./USB_DEVICE/Target/usbd_conf.o
                0x0000000008006f24                USBD_static_free
 .text.USBD_Get_USB_Status
                0x0000000008006f38       0x58 ./USB_DEVICE/Target/usbd_conf.o
                0x0000000008006f38                USBD_Get_USB_Status
 .text.memset   0x0000000008006f90       0x10 /Applications/STM32CubeIDE.app/Contents/Eclipse/plugins/com.st.stm32cube.ide.mcu.externaltools.gnu-tools-for-stm32.11.3.rel1.macos64_1.1.0.202305231506/tools/bin/../lib/gcc/arm-none-eabi/11.3.1/../../../../arm-none-eabi/lib/thumb/v7e-m+fp/hard/libc_nano.a(libc_a-memset.o)
                0x0000000008006f90                memset
 .text.__libc_init_array
                0x0000000008006fa0       0x48 /Applications/STM32CubeIDE.app/Contents/Eclipse/plugins/com.st.stm32cube.ide.mcu.externaltools.gnu-tools-for-stm32.11.3.rel1.macos64_1.1.0.202305231506/tools/bin/../lib/gcc/arm-none-eabi/11.3.1/../../../../arm-none-eabi/lib/thumb/v7e-m+fp/hard/libc_nano.a(libc_a-init.o)
                0x0000000008006fa0                __libc_init_array
 *(.glue_7)
 .glue_7        0x0000000008006fe8        0x0 linker stubs
 *(.glue_7t)
 .glue_7t       0x0000000008006fe8        0x0 linker stubs
 *(.eh_frame)
 .eh_frame      0x0000000008006fe8        0x0 /Applications/STM32CubeIDE.app/Contents/Eclipse/plugins/com.st.stm32cube.ide.mcu.externaltools.gnu-tools-for-stm32.11.3.rel1.macos64_1.1.0.202305231506/tools/bin/../lib/gcc/arm-none-eabi/11.3.1/thumb/v7e-m+fp/hard/crtbegin.o
 *(.init)
 .init          0x0000000008006fe8        0x4 /Applications/STM32CubeIDE.app/Contents/Eclipse/plugins/com.st.stm32cube.ide.mcu.externaltools.gnu-tools-for-stm32.11.3.rel1.macos64_1.1.0.202305231506/tools/bin/../lib/gcc/arm-none-eabi/11.3.1/thumb/v7e-m+fp/hard/crti.o
                0x0000000008006fe8                _init
 .init          0x0000000008006fec        0x8 /Applications/STM32CubeIDE.app/Contents/Eclipse/plugins/com.st.stm32cube.ide.mcu.externaltools.gnu-tools-for-stm32.11.3.rel1.macos64_1.1.0.202305231506/tools/bin/../lib/gcc/arm-none-eabi/11.3.1/thumb/v7e-m+fp/hard/crtn.o
 *(.fini)
 .fini          0x0000000008006ff4        0x4 /Applications/STM32CubeIDE.app/Contents/Eclipse/plugins/com.st.stm32cube.ide.mcu.externaltools.gnu-tools-for-stm32.11.3.rel1.macos64_1.1.0.202305231506/tools/bin/../lib/gcc/arm-none-eabi/11.3.1/thumb/v7e-m+fp/hard/crti.o
                0x0000000008006ff4                _fini
 .fini          0x0000000008006ff8        0x8 /Applications/STM32CubeIDE.app/Contents/Eclipse/plugins/com.st.stm32cube.ide.mcu.externaltools.gnu-tools-for-stm32.11.3.rel1.macos64_1.1.0.202305231506/tools/bin/../lib/gcc/arm-none-eabi/11.3.1/thumb/v7e-m+fp/hard/crtn.o
                0x0000000008007000                . = ALIGN (0x4)
                0x0000000008007000                _etext = .

.vfp11_veneer   0x0000000008007000        0x0
 .vfp11_veneer  0x0000000008007000        0x0 linker stubs

.v4_bx          0x0000000008007000        0x0
 .v4_bx         0x0000000008007000        0x0 linker stubs

.iplt           0x0000000008007000        0x0
 .iplt          0x0000000008007000        0x0 /Applications/STM32CubeIDE.app/Contents/Eclipse/plugins/com.st.stm32cube.ide.mcu.externaltools.gnu-tools-for-stm32.11.3.rel1.macos64_1.1.0.202305231506/tools/bin/../lib/gcc/arm-none-eabi/11.3.1/thumb/v7e-m+fp/hard/crtbegin.o

.rodata         0x0000000008007000       0x54
                0x0000000008007000                . = ALIGN (0x4)
 *(.rodata)
 .rodata        0x0000000008007000       0x42 ./USB_DEVICE/App/usbd_desc.o
 *(.rodata*)
 *fill*         0x0000000008007042        0x2 
 .rodata.AHBPrescTable
                0x0000000008007044       0x10 ./Core/Src/system_stm32f4xx.o
                0x0000000008007044                AHBPrescTable
                0x0000000008007054                . = ALIGN (0x4)

.ARM.extab      0x0000000008007054        0x0
                0x0000000008007054                . = ALIGN (0x4)
 *(.ARM.extab* .gnu.linkonce.armextab.*)
                0x0000000008007054                . = ALIGN (0x4)

.ARM            0x0000000008007054        0x8
                0x0000000008007054                . = ALIGN (0x4)
                0x0000000008007054                __exidx_start = .
 *(.ARM.exidx*)
 .ARM.exidx     0x0000000008007054        0x8 /Applications/STM32CubeIDE.app/Contents/Eclipse/plugins/com.st.stm32cube.ide.mcu.externaltools.gnu-tools-for-stm32.11.3.rel1.macos64_1.1.0.202305231506/tools/bin/../lib/gcc/arm-none-eabi/11.3.1/thumb/v7e-m+fp/hard/libgcc.a(_udivmoddi4.o)
                0x000000000800705c                __exidx_end = .
                0x000000000800705c                . = ALIGN (0x4)

.rel.dyn        0x000000000800705c        0x0
 .rel.iplt      0x000000000800705c        0x0 /Applications/STM32CubeIDE.app/Contents/Eclipse/plugins/com.st.stm32cube.ide.mcu.externaltools.gnu-tools-for-stm32.11.3.rel1.macos64_1.1.0.202305231506/tools/bin/../lib/gcc/arm-none-eabi/11.3.1/thumb/v7e-m+fp/hard/crtbegin.o

.preinit_array  0x000000000800705c        0x0
                0x000000000800705c                . = ALIGN (0x4)
                0x000000000800705c                PROVIDE (__preinit_array_start = .)
 *(.preinit_array*)
                0x000000000800705c                PROVIDE (__preinit_array_end = .)
                0x000000000800705c                . = ALIGN (0x4)

.init_array     0x000000000800705c        0x4
                0x000000000800705c                . = ALIGN (0x4)
                0x000000000800705c                PROVIDE (__init_array_start = .)
 *(SORT_BY_NAME(.init_array.*))
 *(.init_array*)
 .init_array    0x000000000800705c        0x4 /Applications/STM32CubeIDE.app/Contents/Eclipse/plugins/com.st.stm32cube.ide.mcu.externaltools.gnu-tools-for-stm32.11.3.rel1.macos64_1.1.0.202305231506/tools/bin/../lib/gcc/arm-none-eabi/11.3.1/thumb/v7e-m+fp/hard/crtbegin.o
                0x0000000008007060                PROVIDE (__init_array_end = .)
                0x0000000008007060                . = ALIGN (0x4)

.fini_array     0x0000000008007060        0x4
                0x0000000008007060                . = ALIGN (0x4)
                [!provide]                        PROVIDE (__fini_array_start = .)
 *(SORT_BY_NAME(.fini_array.*))
 *(.fini_array*)
 .fini_array    0x0000000008007060        0x4 /Applications/STM32CubeIDE.app/Contents/Eclipse/plugins/com.st.stm32cube.ide.mcu.externaltools.gnu-tools-for-stm32.11.3.rel1.macos64_1.1.0.202305231506/tools/bin/../lib/gcc/arm-none-eabi/11.3.1/thumb/v7e-m+fp/hard/crtbegin.o
                [!provide]                        PROVIDE (__fini_array_end = .)
                0x0000000008007064                . = ALIGN (0x4)
                0x0000000008007064                _sidata = LOADADDR (.data)

.data           0x0000000020000000       0xfc load address 0x0000000008007064
                0x0000000020000000                . = ALIGN (0x4)
                0x0000000020000000                _sdata = .
 *(.data)
 *(.data*)
 .data.SystemCoreClock
                0x0000000020000000        0x4 ./Core/Src/system_stm32f4xx.o
                0x0000000020000000                SystemCoreClock
 .data.uwTickPrio
                0x0000000020000004        0x4 ./Drivers/STM32F4xx_HAL_Driver/Src/stm32f4xx_hal.o
                0x0000000020000004                uwTickPrio
 .data.uwTickFreq
                0x0000000020000008        0x1 ./Drivers/STM32F4xx_HAL_Driver/Src/stm32f4xx_hal.o
                0x0000000020000008                uwTickFreq
 *fill*         0x0000000020000009        0x3 
 .data.USBD_CDC_DeviceQualifierDesc
                0x000000002000000c        0xa ./Middlewares/ST/STM32_USB_Device_Library/Class/CDC/Src/usbd_cdc.o
 *fill*         0x0000000020000016        0x2 
 .data.USBD_CDC
                0x0000000020000018       0x38 ./Middlewares/ST/STM32_USB_Device_Library/Class/CDC/Src/usbd_cdc.o
                0x0000000020000018                USBD_CDC
 .data.USBD_CDC_CfgDesc
                0x0000000020000050       0x43 ./Middlewares/ST/STM32_USB_Device_Library/Class/CDC/Src/usbd_cdc.o
 .data.CDCInEpAdd
                0x0000000020000093        0x1 ./Middlewares/ST/STM32_USB_Device_Library/Class/CDC/Src/usbd_cdc.o
 .data.CDCOutEpAdd
                0x0000000020000094        0x1 ./Middlewares/ST/STM32_USB_Device_Library/Class/CDC/Src/usbd_cdc.o
 .data.CDCCmdEpAdd
                0x0000000020000095        0x1 ./Middlewares/ST/STM32_USB_Device_Library/Class/CDC/Src/usbd_cdc.o
 *fill*         0x0000000020000096        0x2 
 .data.USBD_Interface_fops_FS
                0x0000000020000098       0x14 ./USB_DEVICE/App/usbd_cdc_if.o
                0x0000000020000098                USBD_Interface_fops_FS
 .data.FS_Desc  0x00000000200000ac       0x1c ./USB_DEVICE/App/usbd_desc.o
                0x00000000200000ac                FS_Desc
 .data.USBD_FS_DeviceDesc
                0x00000000200000c8       0x12 ./USB_DEVICE/App/usbd_desc.o
                0x00000000200000c8                USBD_FS_DeviceDesc
 *fill*         0x00000000200000da        0x2 
 .data.USBD_LangIDDesc
                0x00000000200000dc        0x4 ./USB_DEVICE/App/usbd_desc.o
                0x00000000200000dc                USBD_LangIDDesc
 .data.USBD_StringSerial
                0x00000000200000e0       0x1a ./USB_DEVICE/App/usbd_desc.o
                0x00000000200000e0                USBD_StringSerial
 *(.RamFunc)
 *(.RamFunc*)
                0x00000000200000fc                . = ALIGN (0x4)
 *fill*         0x00000000200000fa        0x2 
                0x00000000200000fc                _edata = .

.igot.plt       0x00000000200000fc        0x0 load address 0x0000000008007160
 .igot.plt      0x00000000200000fc        0x0 /Applications/STM32CubeIDE.app/Contents/Eclipse/plugins/com.st.stm32cube.ide.mcu.externaltools.gnu-tools-for-stm32.11.3.rel1.macos64_1.1.0.202305231506/tools/bin/../lib/gcc/arm-none-eabi/11.3.1/thumb/v7e-m+fp/hard/crtbegin.o
                0x00000000200000fc                . = ALIGN (0x4)

.bss            0x00000000200000fc     0x1484 load address 0x0000000008007160
                0x00000000200000fc                _sbss = .
                0x00000000200000fc                __bss_start__ = _sbss
 *(.bss)
 .bss           0x00000000200000fc       0x1c /Applications/STM32CubeIDE.app/Contents/Eclipse/plugins/com.st.stm32cube.ide.mcu.externaltools.gnu-tools-for-stm32.11.3.rel1.macos64_1.1.0.202305231506/tools/bin/../lib/gcc/arm-none-eabi/11.3.1/thumb/v7e-m+fp/hard/crtbegin.o
 *(.bss*)
 .bss.hspi1     0x0000000020000118       0x58 ./Core/Src/main.o
                0x0000000020000118                hspi1
 .bss.uwTick    0x0000000020000170        0x4 ./Drivers/STM32F4xx_HAL_Driver/Src/stm32f4xx_hal.o
                0x0000000020000170                uwTick
 .bss.cfgidx.0  0x0000000020000174        0x1 ./Middlewares/ST/STM32_USB_Device_Library/Core/Src/usbd_ctlreq.o
 *fill*         0x0000000020000175        0x3 
 .bss.hUsbDeviceFS
                0x0000000020000178      0x2dc ./USB_DEVICE/App/usb_device.o
                0x0000000020000178                hUsbDeviceFS
 .bss.UserRxBufferFS
                0x0000000020000454      0x400 ./USB_DEVICE/App/usbd_cdc_if.o
                0x0000000020000454                UserRxBufferFS
 .bss.UserTxBufferFS
                0x0000000020000854      0x400 ./USB_DEVICE/App/usbd_cdc_if.o
                0x0000000020000854                UserTxBufferFS
 .bss.USBD_StrDesc
                0x0000000020000c54      0x200 ./USB_DEVICE/App/usbd_desc.o
                0x0000000020000c54                USBD_StrDesc
 .bss.hpcd_USB_OTG_FS
                0x0000000020000e54      0x50c ./USB_DEVICE/Target/usbd_conf.o
                0x0000000020000e54                hpcd_USB_OTG_FS
 .bss.mem.0     0x0000000020001360      0x220 ./USB_DEVICE/Target/usbd_conf.o
 *(COMMON)
                0x0000000020001580                . = ALIGN (0x4)
                0x0000000020001580                _ebss = .
                0x0000000020001580                __bss_end__ = _ebss

._user_heap_stack
                0x0000000020001580      0x600 load address 0x0000000008007160
                0x0000000020001580                . = ALIGN (0x8)
                [!provide]                        PROVIDE (end = .)
                0x0000000020001580                PROVIDE (_end = .)
                0x0000000020001780                . = (. + _Min_Heap_Size)
 *fill*         0x0000000020001580      0x200 
                0x0000000020001b80                . = (. + _Min_Stack_Size)
 *fill*         0x0000000020001780      0x400 
                0x0000000020001b80                . = ALIGN (0x8)

/DISCARD/
 libc.a(*)
 libm.a(*)
 libgcc.a(*)

.ARM.attributes
                0x0000000000000000       0x30
 *(.ARM.attributes)
 .ARM.attributes
                0x0000000000000000       0x1e /Applications/STM32CubeIDE.app/Contents/Eclipse/plugins/com.st.stm32cube.ide.mcu.externaltools.gnu-tools-for-stm32.11.3.rel1.macos64_1.1.0.202305231506/tools/bin/../lib/gcc/arm-none-eabi/11.3.1/thumb/v7e-m+fp/hard/crti.o
 .ARM.attributes
                0x000000000000001e       0x34 /Applications/STM32CubeIDE.app/Contents/Eclipse/plugins/com.st.stm32cube.ide.mcu.externaltools.gnu-tools-for-stm32.11.3.rel1.macos64_1.1.0.202305231506/tools/bin/../lib/gcc/arm-none-eabi/11.3.1/thumb/v7e-m+fp/hard/crtbegin.o
 .ARM.attributes
                0x0000000000000052       0x34 ./Core/Src/main.o
 .ARM.attributes
                0x0000000000000086       0x34 ./Core/Src/stm32f4xx_hal_msp.o
 .ARM.attributes
                0x00000000000000ba       0x34 ./Core/Src/stm32f4xx_it.o
 .ARM.attributes
                0x00000000000000ee       0x34 ./Core/Src/system_stm32f4xx.o
 .ARM.attributes
                0x0000000000000122       0x21 ./Core/Startup/startup_stm32f401rctx.o
 .ARM.attributes
                0x0000000000000143       0x34 ./Drivers/STM32F4xx_HAL_Driver/Src/stm32f4xx_hal.o
 .ARM.attributes
                0x0000000000000177       0x34 ./Drivers/STM32F4xx_HAL_Driver/Src/stm32f4xx_hal_cortex.o
 .ARM.attributes
                0x00000000000001ab       0x34 ./Drivers/STM32F4xx_HAL_Driver/Src/stm32f4xx_hal_gpio.o
 .ARM.attributes
                0x00000000000001df       0x34 ./Drivers/STM32F4xx_HAL_Driver/Src/stm32f4xx_hal_pcd.o
 .ARM.attributes
                0x0000000000000213       0x34 ./Drivers/STM32F4xx_HAL_Driver/Src/stm32f4xx_hal_pcd_ex.o
 .ARM.attributes
                0x0000000000000247       0x34 ./Drivers/STM32F4xx_HAL_Driver/Src/stm32f4xx_hal_rcc.o
 .ARM.attributes
                0x000000000000027b       0x34 ./Drivers/STM32F4xx_HAL_Driver/Src/stm32f4xx_hal_spi.o
 .ARM.attributes
                0x00000000000002af       0x34 ./Drivers/STM32F4xx_HAL_Driver/Src/stm32f4xx_ll_usb.o
 .ARM.attributes
                0x00000000000002e3       0x34 ./Middlewares/ST/STM32_USB_Device_Library/Class/CDC/Src/usbd_cdc.o
 .ARM.attributes
                0x0000000000000317       0x34 ./Middlewares/ST/STM32_USB_Device_Library/Core/Src/usbd_core.o
 .ARM.attributes
                0x000000000000034b       0x34 ./Middlewares/ST/STM32_USB_Device_Library/Core/Src/usbd_ctlreq.o
 .ARM.attributes
                0x000000000000037f       0x34 ./Middlewares/ST/STM32_USB_Device_Library/Core/Src/usbd_ioreq.o
 .ARM.attributes
                0x00000000000003b3       0x34 ./USB_DEVICE/App/usb_device.o
 .ARM.attributes
                0x00000000000003e7       0x34 ./USB_DEVICE/App/usbd_cdc_if.o
 .ARM.attributes
                0x000000000000041b       0x34 ./USB_DEVICE/App/usbd_desc.o
 .ARM.attributes
                0x000000000000044f       0x34 ./USB_DEVICE/Target/usbd_conf.o
 .ARM.attributes
                0x0000000000000483       0x34 /Applications/STM32CubeIDE.app/Contents/Eclipse/plugins/com.st.stm32cube.ide.mcu.externaltools.gnu-tools-for-stm32.11.3.rel1.macos64_1.1.0.202305231506/tools/bin/../lib/gcc/arm-none-eabi/11.3.1/../../../../arm-none-eabi/lib/thumb/v7e-m+fp/hard/libc_nano.a(libc_a-memset.o)
 .ARM.attributes
                0x00000000000004b7       0x34 /Applications/STM32CubeIDE.app/Contents/Eclipse/plugins/com.st.stm32cube.ide.mcu.externaltools.gnu-tools-for-stm32.11.3.rel1.macos64_1.1.0.202305231506/tools/bin/../lib/gcc/arm-none-eabi/11.3.1/../../../../arm-none-eabi/lib/thumb/v7e-m+fp/hard/libc_nano.a(libc_a-init.o)
 .ARM.attributes
                0x00000000000004eb       0x1e /Applications/STM32CubeIDE.app/Contents/Eclipse/plugins/com.st.stm32cube.ide.mcu.externaltools.gnu-tools-for-stm32.11.3.rel1.macos64_1.1.0.202305231506/tools/bin/../lib/gcc/arm-none-eabi/11.3.1/thumb/v7e-m+fp/hard/libgcc.a(_aeabi_uldivmod.o)
 .ARM.attributes
                0x0000000000000509       0x34 /Applications/STM32CubeIDE.app/Contents/Eclipse/plugins/com.st.stm32cube.ide.mcu.externaltools.gnu-tools-for-stm32.11.3.rel1.macos64_1.1.0.202305231506/tools/bin/../lib/gcc/arm-none-eabi/11.3.1/thumb/v7e-m+fp/hard/libgcc.a(_udivmoddi4.o)
 .ARM.attributes
                0x000000000000053d       0x1e /Applications/STM32CubeIDE.app/Contents/Eclipse/plugins/com.st.stm32cube.ide.mcu.externaltools.gnu-tools-for-stm32.11.3.rel1.macos64_1.1.0.202305231506/tools/bin/../lib/gcc/arm-none-eabi/11.3.1/thumb/v7e-m+fp/hard/libgcc.a(_dvmd_tls.o)
 .ARM.attributes
                0x000000000000055b       0x1e /Applications/STM32CubeIDE.app/Contents/Eclipse/plugins/com.st.stm32cube.ide.mcu.externaltools.gnu-tools-for-stm32.11.3.rel1.macos64_1.1.0.202305231506/tools/bin/../lib/gcc/arm-none-eabi/11.3.1/thumb/v7e-m+fp/hard/crtn.o
OUTPUT(emg_amplifier.elf elf32-littlearm)
LOAD linker stubs
LOAD /Applications/STM32CubeIDE.app/Contents/Eclipse/plugins/com.st.stm32cube.ide.mcu.externaltools.gnu-tools-for-stm32.11.3.rel1.macos64_1.1.0.202305231506/tools/bin/../lib/gcc/arm-none-eabi/11.3.1/../../../../arm-none-eabi/lib/thumb/v7e-m+fp/hard/libc.a
LOAD /Applications/STM32CubeIDE.app/Contents/Eclipse/plugins/com.st.stm32cube.ide.mcu.externaltools.gnu-tools-for-stm32.11.3.rel1.macos64_1.1.0.202305231506/tools/bin/../lib/gcc/arm-none-eabi/11.3.1/../../../../arm-none-eabi/lib/thumb/v7e-m+fp/hard/libm.a
LOAD /Applications/STM32CubeIDE.app/Contents/Eclipse/plugins/com.st.stm32cube.ide.mcu.externaltools.gnu-tools-for-stm32.11.3.rel1.macos64_1.1.0.202305231506/tools/bin/../lib/gcc/arm-none-eabi/11.3.1/thumb/v7e-m+fp/hard/libgcc.a

.comment        0x0000000000000000       0x43
 .comment       0x0000000000000000       0x43 /Applications/STM32CubeIDE.app/Contents/Eclipse/plugins/com.st.stm32cube.ide.mcu.externaltools.gnu-tools-for-stm32.11.3.rel1.macos64_1.1.0.202305231506/tools/bin/../lib/gcc/arm-none-eabi/11.3.1/thumb/v7e-m+fp/hard/crtbegin.o
                                         0x44 (size before relaxing)
 .comment       0x0000000000000043       0x44 ./Core/Src/main.o
 .comment       0x0000000000000043       0x44 ./Core/Src/stm32f4xx_hal_msp.o
 .comment       0x0000000000000043       0x44 ./Core/Src/stm32f4xx_it.o
 .comment       0x0000000000000043       0x44 ./Core/Src/system_stm32f4xx.o
 .comment       0x0000000000000043       0x44 ./Drivers/STM32F4xx_HAL_Driver/Src/stm32f4xx_hal.o
 .comment       0x0000000000000043       0x44 ./Drivers/STM32F4xx_HAL_Driver/Src/stm32f4xx_hal_cortex.o
 .comment       0x0000000000000043       0x44 ./Drivers/STM32F4xx_HAL_Driver/Src/stm32f4xx_hal_gpio.o
 .comment       0x0000000000000043       0x44 ./Drivers/STM32F4xx_HAL_Driver/Src/stm32f4xx_hal_pcd.o
 .comment       0x0000000000000043       0x44 ./Drivers/STM32F4xx_HAL_Driver/Src/stm32f4xx_hal_pcd_ex.o
 .comment       0x0000000000000043       0x44 ./Drivers/STM32F4xx_HAL_Driver/Src/stm32f4xx_hal_rcc.o
 .comment       0x0000000000000043       0x44 ./Drivers/STM32F4xx_HAL_Driver/Src/stm32f4xx_hal_spi.o
 .comment       0x0000000000000043       0x44 ./Drivers/STM32F4xx_HAL_Driver/Src/stm32f4xx_ll_usb.o
 .comment       0x0000000000000043       0x44 ./Middlewares/ST/STM32_USB_Device_Library/Class/CDC/Src/usbd_cdc.o
 .comment       0x0000000000000043       0x44 ./Middlewares/ST/STM32_USB_Device_Library/Core/Src/usbd_core.o
 .comment       0x0000000000000043       0x44 ./Middlewares/ST/STM32_USB_Device_Library/Core/Src/usbd_ctlreq.o
 .comment       0x0000000000000043       0x44 ./Middlewares/ST/STM32_USB_Device_Library/Core/Src/usbd_ioreq.o
 .comment       0x0000000000000043       0x44 ./USB_DEVICE/App/usb_device.o
 .comment       0x0000000000000043       0x44 ./USB_DEVICE/App/usbd_cdc_if.o
 .comment       0x0000000000000043       0x44 ./USB_DEVICE/App/usbd_desc.o
 .comment       0x0000000000000043       0x44 ./USB_DEVICE/Target/usbd_conf.o

.debug_info     0x0000000000000000     0xf3c8
 .debug_info    0x0000000000000000      0xbb5 ./Core/Src/main.o
 .debug_info    0x0000000000000bb5      0x942 ./Core/Src/stm32f4xx_hal_msp.o
 .debug_info    0x00000000000014f7      0x60f ./Core/Src/stm32f4xx_it.o
 .debug_info    0x0000000000001b06      0x53e ./Core/Src/system_stm32f4xx.o
 .debug_info    0x0000000000002044       0x23 ./Core/Startup/startup_stm32f401rctx.o
 .debug_info    0x0000000000002067      0x8bb ./Drivers/STM32F4xx_HAL_Driver/Src/stm32f4xx_hal.o
 .debug_info    0x0000000000002922      0xcb0 ./Drivers/STM32F4xx_HAL_Driver/Src/stm32f4xx_hal_cortex.o
 .debug_info    0x00000000000035d2      0x6f9 ./Drivers/STM32F4xx_HAL_Driver/Src/stm32f4xx_hal_gpio.o
 .debug_info    0x0000000000003ccb     0x1549 ./Drivers/STM32F4xx_HAL_Driver/Src/stm32f4xx_hal_pcd.o
 .debug_info    0x0000000000005214      0x6d2 ./Drivers/STM32F4xx_HAL_Driver/Src/stm32f4xx_hal_pcd_ex.o
 .debug_info    0x00000000000058e6      0x8f3 ./Drivers/STM32F4xx_HAL_Driver/Src/stm32f4xx_hal_rcc.o
 .debug_info    0x00000000000061d9     0x1606 ./Drivers/STM32F4xx_HAL_Driver/Src/stm32f4xx_hal_spi.o
 .debug_info    0x00000000000077df     0x18f6 ./Drivers/STM32F4xx_HAL_Driver/Src/stm32f4xx_ll_usb.o
 .debug_info    0x00000000000090d5     0x128b ./Middlewares/ST/STM32_USB_Device_Library/Class/CDC/Src/usbd_cdc.o
 .debug_info    0x000000000000a360      0xe05 ./Middlewares/ST/STM32_USB_Device_Library/Core/Src/usbd_core.o
 .debug_info    0x000000000000b165      0xade ./Middlewares/ST/STM32_USB_Device_Library/Core/Src/usbd_ctlreq.o
 .debug_info    0x000000000000bc43      0x755 ./Middlewares/ST/STM32_USB_Device_Library/Core/Src/usbd_ioreq.o
 .debug_info    0x000000000000c398      0x701 ./USB_DEVICE/App/usb_device.o
 .debug_info    0x000000000000ca99      0x8fa ./USB_DEVICE/App/usbd_cdc_if.o
 .debug_info    0x000000000000d393      0x458 ./USB_DEVICE/App/usbd_desc.o
 .debug_info    0x000000000000d7eb     0x1bdd ./USB_DEVICE/Target/usbd_conf.o

.debug_abbrev   0x0000000000000000     0x2d3c
 .debug_abbrev  0x0000000000000000      0x251 ./Core/Src/main.o
 .debug_abbrev  0x0000000000000251      0x1a5 ./Core/Src/stm32f4xx_hal_msp.o
 .debug_abbrev  0x00000000000003f6      0x1a4 ./Core/Src/stm32f4xx_it.o
 .debug_abbrev  0x000000000000059a      0x11a ./Core/Src/system_stm32f4xx.o
 .debug_abbrev  0x00000000000006b4       0x12 ./Core/Startup/startup_stm32f401rctx.o
 .debug_abbrev  0x00000000000006c6      0x24b ./Drivers/STM32F4xx_HAL_Driver/Src/stm32f4xx_hal.o
 .debug_abbrev  0x0000000000000911      0x327 ./Drivers/STM32F4xx_HAL_Driver/Src/stm32f4xx_hal_cortex.o
 .debug_abbrev  0x0000000000000c38      0x1d3 ./Drivers/STM32F4xx_HAL_Driver/Src/stm32f4xx_hal_gpio.o
 .debug_abbrev  0x0000000000000e0b      0x2cd ./Drivers/STM32F4xx_HAL_Driver/Src/stm32f4xx_hal_pcd.o
 .debug_abbrev  0x00000000000010d8      0x1da ./Drivers/STM32F4xx_HAL_Driver/Src/stm32f4xx_hal_pcd_ex.o
 .debug_abbrev  0x00000000000012b2      0x2b5 ./Drivers/STM32F4xx_HAL_Driver/Src/stm32f4xx_hal_rcc.o
 .debug_abbrev  0x0000000000001567      0x280 ./Drivers/STM32F4xx_HAL_Driver/Src/stm32f4xx_hal_spi.o
 .debug_abbrev  0x00000000000017e7      0x2ac ./Drivers/STM32F4xx_HAL_Driver/Src/stm32f4xx_ll_usb.o
 .debug_abbrev  0x0000000000001a93      0x2d2 ./Middlewares/ST/STM32_USB_Device_Library/Class/CDC/Src/usbd_cdc.o
 .debug_abbrev  0x0000000000001d65      0x27c ./Middlewares/ST/STM32_USB_Device_Library/Core/Src/usbd_core.o
 .debug_abbrev  0x0000000000001fe1      0x26f ./Middlewares/ST/STM32_USB_Device_Library/Core/Src/usbd_ctlreq.o
 .debug_abbrev  0x0000000000002250      0x19a ./Middlewares/ST/STM32_USB_Device_Library/Core/Src/usbd_ioreq.o
 .debug_abbrev  0x00000000000023ea      0x195 ./USB_DEVICE/App/usb_device.o
 .debug_abbrev  0x000000000000257f      0x29d ./USB_DEVICE/App/usbd_cdc_if.o
 .debug_abbrev  0x000000000000281c      0x1e1 ./USB_DEVICE/App/usbd_desc.o
 .debug_abbrev  0x00000000000029fd      0x33f ./USB_DEVICE/Target/usbd_conf.o

.debug_aranges  0x0000000000000000      0xd20
 .debug_aranges
                0x0000000000000000       0x40 ./Core/Src/main.o
 .debug_aranges
                0x0000000000000040       0x30 ./Core/Src/stm32f4xx_hal_msp.o
 .debug_aranges
                0x0000000000000070       0x68 ./Core/Src/stm32f4xx_it.o
 .debug_aranges
                0x00000000000000d8       0x28 ./Core/Src/system_stm32f4xx.o
 .debug_aranges
                0x0000000000000100       0x28 ./Core/Startup/startup_stm32f401rctx.o
 .debug_aranges
                0x0000000000000128       0xf0 ./Drivers/STM32F4xx_HAL_Driver/Src/stm32f4xx_hal.o
 .debug_aranges
                0x0000000000000218      0x118 ./Drivers/STM32F4xx_HAL_Driver/Src/stm32f4xx_hal_cortex.o
 .debug_aranges
                0x0000000000000330       0x58 ./Drivers/STM32F4xx_HAL_Driver/Src/stm32f4xx_hal_gpio.o
 .debug_aranges
                0x0000000000000388      0x148 ./Drivers/STM32F4xx_HAL_Driver/Src/stm32f4xx_hal_pcd.o
 .debug_aranges
                0x00000000000004d0       0x38 ./Drivers/STM32F4xx_HAL_Driver/Src/stm32f4xx_hal_pcd_ex.o
 .debug_aranges
                0x0000000000000508       0x88 ./Drivers/STM32F4xx_HAL_Driver/Src/stm32f4xx_hal_rcc.o
 .debug_aranges
                0x0000000000000590      0x1d0 ./Drivers/STM32F4xx_HAL_Driver/Src/stm32f4xx_hal_spi.o
 .debug_aranges
                0x0000000000000760      0x1a0 ./Drivers/STM32F4xx_HAL_Driver/Src/stm32f4xx_ll_usb.o
 .debug_aranges
                0x0000000000000900       0x90 ./Middlewares/ST/STM32_USB_Device_Library/Class/CDC/Src/usbd_cdc.o
 .debug_aranges
                0x0000000000000990       0xd8 ./Middlewares/ST/STM32_USB_Device_Library/Core/Src/usbd_core.o
 .debug_aranges
                0x0000000000000a68       0x90 ./Middlewares/ST/STM32_USB_Device_Library/Core/Src/usbd_ctlreq.o
 .debug_aranges
                0x0000000000000af8       0x50 ./Middlewares/ST/STM32_USB_Device_Library/Core/Src/usbd_ioreq.o
 .debug_aranges
                0x0000000000000b48       0x20 ./USB_DEVICE/App/usb_device.o
 .debug_aranges
                0x0000000000000b68       0x48 ./USB_DEVICE/App/usbd_cdc_if.o
 .debug_aranges
                0x0000000000000bb0       0x60 ./USB_DEVICE/App/usbd_desc.o
 .debug_aranges
                0x0000000000000c10      0x110 ./USB_DEVICE/Target/usbd_conf.o

.debug_rnglists
                0x0000000000000000      0x9c7
 .debug_rnglists
                0x0000000000000000       0x2d ./Core/Src/main.o
 .debug_rnglists
                0x000000000000002d       0x20 ./Core/Src/stm32f4xx_hal_msp.o
 .debug_rnglists
                0x000000000000004d       0x49 ./Core/Src/stm32f4xx_it.o
 .debug_rnglists
                0x0000000000000096       0x1a ./Core/Src/system_stm32f4xx.o
 .debug_rnglists
                0x00000000000000b0       0x19 ./Core/Startup/startup_stm32f401rctx.o
 .debug_rnglists
                0x00000000000000c9       0xaf ./Drivers/STM32F4xx_HAL_Driver/Src/stm32f4xx_hal.o
 .debug_rnglists
                0x0000000000000178       0xce ./Drivers/STM32F4xx_HAL_Driver/Src/stm32f4xx_hal_cortex.o
 .debug_rnglists
                0x0000000000000246       0x3f ./Drivers/STM32F4xx_HAL_Driver/Src/stm32f4xx_hal_gpio.o
 .debug_rnglists
                0x0000000000000285       0xfc ./Drivers/STM32F4xx_HAL_Driver/Src/stm32f4xx_hal_pcd.o
 .debug_rnglists
                0x0000000000000381       0x26 ./Drivers/STM32F4xx_HAL_Driver/Src/stm32f4xx_hal_pcd_ex.o
 .debug_rnglists
                0x00000000000003a7       0x66 ./Drivers/STM32F4xx_HAL_Driver/Src/stm32f4xx_hal_rcc.o
 .debug_rnglists
                0x000000000000040d      0x16f ./Drivers/STM32F4xx_HAL_Driver/Src/stm32f4xx_hal_spi.o
 .debug_rnglists
                0x000000000000057c      0x148 ./Drivers/STM32F4xx_HAL_Driver/Src/stm32f4xx_ll_usb.o
 .debug_rnglists
                0x00000000000006c4       0x6c ./Middlewares/ST/STM32_USB_Device_Library/Class/CDC/Src/usbd_cdc.o
 .debug_rnglists
                0x0000000000000730       0xa1 ./Middlewares/ST/STM32_USB_Device_Library/Core/Src/usbd_core.o
 .debug_rnglists
                0x00000000000007d1       0x6e ./Middlewares/ST/STM32_USB_Device_Library/Core/Src/usbd_ctlreq.o
 .debug_rnglists
                0x000000000000083f       0x37 ./Middlewares/ST/STM32_USB_Device_Library/Core/Src/usbd_ioreq.o
 .debug_rnglists
                0x0000000000000876       0x13 ./USB_DEVICE/App/usb_device.o
 .debug_rnglists
                0x0000000000000889       0x32 ./USB_DEVICE/App/usbd_cdc_if.o
 .debug_rnglists
                0x00000000000008bb       0x43 ./USB_DEVICE/App/usbd_desc.o
 .debug_rnglists
                0x00000000000008fe       0xc9 ./USB_DEVICE/Target/usbd_conf.o

.debug_macro    0x0000000000000000    0x17e81
 .debug_macro   0x0000000000000000      0x34c ./Core/Src/main.o
 .debug_macro   0x000000000000034c      0xaa8 ./Core/Src/main.o
 .debug_macro   0x0000000000000df4      0x29b ./Core/Src/main.o
 .debug_macro   0x000000000000108f       0x2e ./Core/Src/main.o
 .debug_macro   0x00000000000010bd       0x28 ./Core/Src/main.o
 .debug_macro   0x00000000000010e5       0x22 ./Core/Src/main.o
 .debug_macro   0x0000000000001107       0x8e ./Core/Src/main.o
 .debug_macro   0x0000000000001195       0x51 ./Core/Src/main.o
 .debug_macro   0x00000000000011e6      0x103 ./Core/Src/main.o
 .debug_macro   0x00000000000012e9       0x6a ./Core/Src/main.o
 .debug_macro   0x0000000000001353      0x1df ./Core/Src/main.o
 .debug_macro   0x0000000000001532       0x1c ./Core/Src/main.o
 .debug_macro   0x000000000000154e       0x22 ./Core/Src/main.o
 .debug_macro   0x0000000000001570       0xd9 ./Core/Src/main.o
 .debug_macro   0x0000000000001649     0x102d ./Core/Src/main.o
 .debug_macro   0x0000000000002676      0x11f ./Core/Src/main.o
 .debug_macro   0x0000000000002795     0xb86c ./Core/Src/main.o
 .debug_macro   0x000000000000e001       0x6d ./Core/Src/main.o
 .debug_macro   0x000000000000e06e     0x367e ./Core/Src/main.o
 .debug_macro   0x00000000000116ec      0x174 ./Core/Src/main.o
 .debug_macro   0x0000000000011860       0x5c ./Core/Src/main.o
 .debug_macro   0x00000000000118bc      0x416 ./Core/Src/main.o
 .debug_macro   0x0000000000011cd2      0x9fe ./Core/Src/main.o
 .debug_macro   0x00000000000126d0      0x115 ./Core/Src/main.o
 .debug_macro   0x00000000000127e5       0xf8 ./Core/Src/main.o
 .debug_macro   0x00000000000128dd       0xa5 ./Core/Src/main.o
 .debug_macro   0x0000000000012982      0x15f ./Core/Src/main.o
 .debug_macro   0x0000000000012ae1      0x287 ./Core/Src/main.o
 .debug_macro   0x0000000000012d68       0x5f ./Core/Src/main.o
 .debug_macro   0x0000000000012dc7      0x236 ./Core/Src/main.o
 .debug_macro   0x0000000000012ffd      0x132 ./Core/Src/main.o
 .debug_macro   0x000000000001312f      0x23a ./Core/Src/main.o
 .debug_macro   0x0000000000013369       0x2e ./Core/Src/main.o
 .debug_macro   0x0000000000013397      0x11a ./Core/Src/main.o
 .debug_macro   0x00000000000134b1       0x85 ./Core/Src/main.o
 .debug_macro   0x0000000000013536       0x89 ./Core/Src/main.o
 .debug_macro   0x00000000000135bf      0x225 ./Core/Src/main.o
 .debug_macro   0x00000000000137e4      0x248 ./Core/Src/main.o
 .debug_macro   0x0000000000013a2c       0xba ./Core/Src/main.o
 .debug_macro   0x0000000000013ae6      0x126 ./Core/Src/main.o
 .debug_macro   0x0000000000013c0c       0x61 ./Core/Src/main.o
 .debug_macro   0x0000000000013c6d       0x2a ./Core/Src/main.o
 .debug_macro   0x0000000000013c97       0x43 ./Core/Src/main.o
 .debug_macro   0x0000000000013cda       0x34 ./Core/Src/main.o
 .debug_macro   0x0000000000013d0e       0x16 ./Core/Src/main.o
 .debug_macro   0x0000000000013d24       0x35 ./Core/Src/main.o
 .debug_macro   0x0000000000013d59      0x369 ./Core/Src/main.o
 .debug_macro   0x00000000000140c2       0x10 ./Core/Src/main.o
 .debug_macro   0x00000000000140d2       0x16 ./Core/Src/main.o
 .debug_macro   0x00000000000140e8       0x43 ./Core/Src/main.o
 .debug_macro   0x000000000001412b       0x34 ./Core/Src/main.o
 .debug_macro   0x000000000001415f       0x10 ./Core/Src/main.o
 .debug_macro   0x000000000001416f       0x58 ./Core/Src/main.o
 .debug_macro   0x00000000000141c7       0x8e ./Core/Src/main.o
 .debug_macro   0x0000000000014255       0x1c ./Core/Src/main.o
 .debug_macro   0x0000000000014271      0x177 ./Core/Src/main.o
 .debug_macro   0x00000000000143e8       0x16 ./Core/Src/main.o
 .debug_macro   0x00000000000143fe       0x16 ./Core/Src/main.o
 .debug_macro   0x0000000000014414      0x147 ./Core/Src/main.o
 .debug_macro   0x000000000001455b       0x16 ./Core/Src/main.o
 .debug_macro   0x0000000000014571       0x16 ./Core/Src/main.o
 .debug_macro   0x0000000000014587       0x29 ./Core/Src/main.o
 .debug_macro   0x00000000000145b0       0x16 ./Core/Src/main.o
 .debug_macro   0x00000000000145c6       0x20 ./Core/Src/main.o
 .debug_macro   0x00000000000145e6       0x65 ./Core/Src/main.o
 .debug_macro   0x000000000001464b      0x20f ./Core/Src/main.o
 .debug_macro   0x000000000001485a      0x1e8 ./Core/Src/stm32f4xx_hal_msp.o
 .debug_macro   0x0000000000014a42      0x1f2 ./Core/Src/stm32f4xx_it.o
 .debug_macro   0x0000000000014c34      0x1de ./Core/Src/system_stm32f4xx.o
 .debug_macro   0x0000000000014e12      0x23e ./Drivers/STM32F4xx_HAL_Driver/Src/stm32f4xx_hal.o
 .debug_macro   0x0000000000015050      0x1de ./Drivers/STM32F4xx_HAL_Driver/Src/stm32f4xx_hal_cortex.o
 .debug_macro   0x000000000001522e      0x1e4 ./Drivers/STM32F4xx_HAL_Driver/Src/stm32f4xx_hal_gpio.o
 .debug_macro   0x0000000000015412      0x1ea ./Drivers/STM32F4xx_HAL_Driver/Src/stm32f4xx_hal_pcd.o
 .debug_macro   0x00000000000155fc      0x1de ./Drivers/STM32F4xx_HAL_Driver/Src/stm32f4xx_hal_pcd_ex.o
 .debug_macro   0x00000000000157da      0x202 ./Drivers/STM32F4xx_HAL_Driver/Src/stm32f4xx_hal_rcc.o
 .debug_macro   0x00000000000159dc      0x1ed ./Drivers/STM32F4xx_HAL_Driver/Src/stm32f4xx_hal_spi.o
 .debug_macro   0x0000000000015bc9      0x1de ./Drivers/STM32F4xx_HAL_Driver/Src/stm32f4xx_ll_usb.o
 .debug_macro   0x0000000000015da7      0x377 ./Middlewares/ST/STM32_USB_Device_Library/Class/CDC/Src/usbd_cdc.o
 .debug_macro   0x000000000001611e       0x97 ./Middlewares/ST/STM32_USB_Device_Library/Class/CDC/Src/usbd_cdc.o
 .debug_macro   0x00000000000161b5       0xfd ./Middlewares/ST/STM32_USB_Device_Library/Class/CDC/Src/usbd_cdc.o
 .debug_macro   0x00000000000162b2       0x56 ./Middlewares/ST/STM32_USB_Device_Library/Class/CDC/Src/usbd_cdc.o
 .debug_macro   0x0000000000016308       0x95 ./Middlewares/ST/STM32_USB_Device_Library/Class/CDC/Src/usbd_cdc.o
 .debug_macro   0x000000000001639d      0x35e ./Middlewares/ST/STM32_USB_Device_Library/Core/Src/usbd_core.o
 .debug_macro   0x00000000000166fb      0x215 ./Middlewares/ST/STM32_USB_Device_Library/Core/Src/usbd_core.o
 .debug_macro   0x0000000000016910      0x368 ./Middlewares/ST/STM32_USB_Device_Library/Core/Src/usbd_ctlreq.o
 .debug_macro   0x0000000000016c78      0x364 ./Middlewares/ST/STM32_USB_Device_Library/Core/Src/usbd_ioreq.o
 .debug_macro   0x0000000000016fdc      0x39d ./USB_DEVICE/App/usb_device.o
 .debug_macro   0x0000000000017379       0x22 ./USB_DEVICE/App/usb_device.o
 .debug_macro   0x000000000001739b       0x16 ./USB_DEVICE/App/usb_device.o
 .debug_macro   0x00000000000173b1      0x382 ./USB_DEVICE/App/usbd_cdc_if.o
 .debug_macro   0x0000000000017733       0x10 ./USB_DEVICE/App/usbd_cdc_if.o
 .debug_macro   0x0000000000017743      0x3a1 ./USB_DEVICE/App/usbd_desc.o
 .debug_macro   0x0000000000017ae4       0x1c ./USB_DEVICE/App/usbd_desc.o
 .debug_macro   0x0000000000017b00      0x381 ./USB_DEVICE/Target/usbd_conf.o

.debug_line     0x0000000000000000    0x1078a
 .debug_line    0x0000000000000000      0xa17 ./Core/Src/main.o
 .debug_line    0x0000000000000a17      0x73e ./Core/Src/stm32f4xx_hal_msp.o
 .debug_line    0x0000000000001155      0x7cb ./Core/Src/stm32f4xx_it.o
 .debug_line    0x0000000000001920      0x772 ./Core/Src/system_stm32f4xx.o
 .debug_line    0x0000000000002092       0x7a ./Core/Startup/startup_stm32f401rctx.o
 .debug_line    0x000000000000210c      0x9d8 ./Drivers/STM32F4xx_HAL_Driver/Src/stm32f4xx_hal.o
 .debug_line    0x0000000000002ae4      0xc87 ./Drivers/STM32F4xx_HAL_Driver/Src/stm32f4xx_hal_cortex.o
 .debug_line    0x000000000000376b      0xb10 ./Drivers/STM32F4xx_HAL_Driver/Src/stm32f4xx_hal_gpio.o
 .debug_line    0x000000000000427b     0x147f ./Drivers/STM32F4xx_HAL_Driver/Src/stm32f4xx_hal_pcd.o
 .debug_line    0x00000000000056fa      0x7bb ./Drivers/STM32F4xx_HAL_Driver/Src/stm32f4xx_hal_pcd_ex.o
 .debug_line    0x0000000000005eb5      0xd51 ./Drivers/STM32F4xx_HAL_Driver/Src/stm32f4xx_hal_rcc.o
 .debug_line    0x0000000000006c06     0x1c69 ./Drivers/STM32F4xx_HAL_Driver/Src/stm32f4xx_hal_spi.o
 .debug_line    0x000000000000886f     0x1a99 ./Drivers/STM32F4xx_HAL_Driver/Src/stm32f4xx_ll_usb.o
 .debug_line    0x000000000000a308      0xe7e ./Middlewares/ST/STM32_USB_Device_Library/Class/CDC/Src/usbd_cdc.o
 .debug_line    0x000000000000b186      0xef3 ./Middlewares/ST/STM32_USB_Device_Library/Core/Src/usbd_core.o
 .debug_line    0x000000000000c079     0x10dd ./Middlewares/ST/STM32_USB_Device_Library/Core/Src/usbd_ctlreq.o
 .debug_line    0x000000000000d156      0xa0c ./Middlewares/ST/STM32_USB_Device_Library/Core/Src/usbd_ioreq.o
 .debug_line    0x000000000000db62      0x9c8 ./USB_DEVICE/App/usb_device.o
 .debug_line    0x000000000000e52a      0xa2b ./USB_DEVICE/App/usbd_cdc_if.o
 .debug_line    0x000000000000ef55      0xa91 ./USB_DEVICE/App/usbd_desc.o
 .debug_line    0x000000000000f9e6      0xda4 ./USB_DEVICE/Target/usbd_conf.o

.debug_str      0x0000000000000000    0x87b6b
 .debug_str     0x0000000000000000    0x83e8b ./Core/Src/main.o
                                      0x841d4 (size before relaxing)
 .debug_str     0x0000000000083e8b       0x63 ./Core/Src/stm32f4xx_hal_msp.o
                                      0x7fd68 (size before relaxing)
 .debug_str     0x0000000000083eee      0x443 ./Core/Src/stm32f4xx_it.o
                                      0x7fbf7 (size before relaxing)
 .debug_str     0x0000000000084331       0xdb ./Core/Src/system_stm32f4xx.o
                                      0x7f91d (size before relaxing)
 .debug_str     0x000000000008440c       0x34 ./Core/Startup/startup_stm32f401rctx.o
                                         0x96 (size before relaxing)
 .debug_str     0x0000000000084440      0x9a4 ./Drivers/STM32F4xx_HAL_Driver/Src/stm32f4xx_hal.o
                                      0x8033f (size before relaxing)
 .debug_str     0x0000000000084de4      0x34d ./Drivers/STM32F4xx_HAL_Driver/Src/stm32f4xx_hal_cortex.o
                                      0x80060 (size before relaxing)
 .debug_str     0x0000000000085131      0x15d ./Drivers/STM32F4xx_HAL_Driver/Src/stm32f4xx_hal_gpio.o
                                      0x7fa98 (size before relaxing)
 .debug_str     0x000000000008528e      0x832 ./Drivers/STM32F4xx_HAL_Driver/Src/stm32f4xx_hal_pcd.o
                                      0x803cd (size before relaxing)
 .debug_str     0x0000000000085ac0      0x115 ./Drivers/STM32F4xx_HAL_Driver/Src/stm32f4xx_hal_pcd_ex.o
                                      0x7fcbc (size before relaxing)
 .debug_str     0x0000000000085bd5      0x21f ./Drivers/STM32F4xx_HAL_Driver/Src/stm32f4xx_hal_rcc.o
                                      0x7fd51 (size before relaxing)
 .debug_str     0x0000000000085df4      0x59c ./Drivers/STM32F4xx_HAL_Driver/Src/stm32f4xx_hal_spi.o
                                      0x801cf (size before relaxing)
 .debug_str     0x0000000000086390      0x444 ./Drivers/STM32F4xx_HAL_Driver/Src/stm32f4xx_ll_usb.o
                                      0x80235 (size before relaxing)
 .debug_str     0x00000000000867d4      0xa2e ./Middlewares/ST/STM32_USB_Device_Library/Class/CDC/Src/usbd_cdc.o
                                      0x848f5 (size before relaxing)
 .debug_str     0x0000000000087202      0x35c ./Middlewares/ST/STM32_USB_Device_Library/Core/Src/usbd_core.o
                                      0x8426b (size before relaxing)
 .debug_str     0x000000000008755e      0x139 ./Middlewares/ST/STM32_USB_Device_Library/Core/Src/usbd_ctlreq.o
                                      0x84096 (size before relaxing)
 .debug_str     0x0000000000087697       0x51 ./Middlewares/ST/STM32_USB_Device_Library/Core/Src/usbd_ioreq.o
                                      0x83f6b (size before relaxing)
 .debug_str     0x00000000000876e8      0x105 ./USB_DEVICE/App/usb_device.o
                                      0x8431e (size before relaxing)
 .debug_str     0x00000000000877ed       0xa1 ./USB_DEVICE/App/usbd_cdc_if.o
                                      0x8435e (size before relaxing)
 .debug_str     0x000000000008788e      0x26a ./USB_DEVICE/App/usbd_desc.o
                                      0x83e67 (size before relaxing)
 .debug_str     0x0000000000087af8       0x73 ./USB_DEVICE/Target/usbd_conf.o
                                      0x84ff3 (size before relaxing)

.debug_frame    0x0000000000000000     0x34e8
 .debug_frame   0x0000000000000000       0xa8 ./Core/Src/main.o
 .debug_frame   0x00000000000000a8       0x80 ./Core/Src/stm32f4xx_hal_msp.o
 .debug_frame   0x0000000000000128      0x120 ./Core/Src/stm32f4xx_it.o
 .debug_frame   0x0000000000000248       0x58 ./Core/Src/system_stm32f4xx.o
 .debug_frame   0x00000000000002a0      0x374 ./Drivers/STM32F4xx_HAL_Driver/Src/stm32f4xx_hal.o
 .debug_frame   0x0000000000000614      0x498 ./Drivers/STM32F4xx_HAL_Driver/Src/stm32f4xx_hal_cortex.o
 .debug_frame   0x0000000000000aac      0x14c ./Drivers/STM32F4xx_HAL_Driver/Src/stm32f4xx_hal_gpio.o
 .debug_frame   0x0000000000000bf8      0x5bc ./Drivers/STM32F4xx_HAL_Driver/Src/stm32f4xx_hal_pcd.o
 .debug_frame   0x00000000000011b4       0xb0 ./Drivers/STM32F4xx_HAL_Driver/Src/stm32f4xx_hal_pcd_ex.o
 .debug_frame   0x0000000000001264      0x1f4 ./Drivers/STM32F4xx_HAL_Driver/Src/stm32f4xx_hal_rcc.o
 .debug_frame   0x0000000000001458      0x824 ./Drivers/STM32F4xx_HAL_Driver/Src/stm32f4xx_hal_spi.o
 .debug_frame   0x0000000000001c7c      0x7c0 ./Drivers/STM32F4xx_HAL_Driver/Src/stm32f4xx_ll_usb.o
 .debug_frame   0x000000000000243c      0x23c ./Middlewares/ST/STM32_USB_Device_Library/Class/CDC/Src/usbd_cdc.o
 .debug_frame   0x0000000000002678      0x390 ./Middlewares/ST/STM32_USB_Device_Library/Core/Src/usbd_core.o
 .debug_frame   0x0000000000002a08      0x23c ./Middlewares/ST/STM32_USB_Device_Library/Core/Src/usbd_ctlreq.o
 .debug_frame   0x0000000000002c44      0x10c ./Middlewares/ST/STM32_USB_Device_Library/Core/Src/usbd_ioreq.o
 .debug_frame   0x0000000000002d50       0x2c ./USB_DEVICE/App/usb_device.o
 .debug_frame   0x0000000000002d7c       0xe4 ./USB_DEVICE/App/usbd_cdc_if.o
 .debug_frame   0x0000000000002e60      0x160 ./USB_DEVICE/App/usbd_desc.o
 .debug_frame   0x0000000000002fc0      0x47c ./USB_DEVICE/Target/usbd_conf.o
 .debug_frame   0x000000000000343c       0x20 /Applications/STM32CubeIDE.app/Contents/Eclipse/plugins/com.st.stm32cube.ide.mcu.externaltools.gnu-tools-for-stm32.11.3.rel1.macos64_1.1.0.202305231506/tools/bin/../lib/gcc/arm-none-eabi/11.3.1/../../../../arm-none-eabi/lib/thumb/v7e-m+fp/hard/libc_nano.a(libc_a-memset.o)
 .debug_frame   0x000000000000345c       0x2c /Applications/STM32CubeIDE.app/Contents/Eclipse/plugins/com.st.stm32cube.ide.mcu.externaltools.gnu-tools-for-stm32.11.3.rel1.macos64_1.1.0.202305231506/tools/bin/../lib/gcc/arm-none-eabi/11.3.1/../../../../arm-none-eabi/lib/thumb/v7e-m+fp/hard/libc_nano.a(libc_a-init.o)
 .debug_frame   0x0000000000003488       0x2c /Applications/STM32CubeIDE.app/Contents/Eclipse/plugins/com.st.stm32cube.ide.mcu.externaltools.gnu-tools-for-stm32.11.3.rel1.macos64_1.1.0.202305231506/tools/bin/../lib/gcc/arm-none-eabi/11.3.1/thumb/v7e-m+fp/hard/libgcc.a(_aeabi_uldivmod.o)
 .debug_frame   0x00000000000034b4       0x34 /Applications/STM32CubeIDE.app/Contents/Eclipse/plugins/com.st.stm32cube.ide.mcu.externaltools.gnu-tools-for-stm32.11.3.rel1.macos64_1.1.0.202305231506/tools/bin/../lib/gcc/arm-none-eabi/11.3.1/thumb/v7e-m+fp/hard/libgcc.a(_udivmoddi4.o)

.debug_line_str
                0x0000000000000000       0x8a
 .debug_line_str
                0x0000000000000000       0x8a ./Core/Startup/startup_stm32f401rctx.o
                                         0xa2 (size before relaxing)
